[01:23:39] Autonomous Robot Node initialized. PID=25000, Start=(5, 28), Goal=(5, 28)
[01:23:39] [Tick 0] REACHED DESTINATION (5, 28)! Mission COMPLETED.
[01:23:39] [Tick 0] Pos=(5, 28), Heading=NORTH, State=FAILSAFE_HOLD, Action=COMPLETED, Priority=0.0, Battery=100.0%, Waits=0
[01:23:39] [Tick 1] In FAILSAFE_HOLD (1/5 ticks). Holding position.
[01:23:40] [Tick 2] In FAILSAFE_HOLD (2/5 ticks). Holding position.
[01:23:40] [Tick 3] In FAILSAFE_HOLD (3/5 ticks). Holding position.
[01:23:41] [Tick 4] In FAILSAFE_HOLD (4/5 ticks). Holding position.
[01:23:41] [Tick 5] Recovered from failsafe/emergency stop -> IDLE.
[01:23:41] [Tick 5] REACHED DESTINATION (5, 28)! Mission COMPLETED.
[01:23:41] [Tick 5] Pos=(5, 28), Heading=NORTH, State=FAILSAFE_HOLD, Action=COMPLETED, Priority=0.0, Battery=100.0%, Waits=0
[01:23:42] [Tick 6] In FAILSAFE_HOLD (1/5 ticks). Holding position.
[01:23:42] [Tick 7] In FAILSAFE_HOLD (2/5 ticks). Holding position.
[01:23:43] [Tick 8] In FAILSAFE_HOLD (3/5 ticks). Holding position.
[01:23:43] [Tick 9] In FAILSAFE_HOLD (4/5 ticks). Holding position.
[01:23:44] [Tick 10] Recovered from failsafe/emergency stop -> IDLE.
[01:23:44] [Tick 10] REACHED DESTINATION (5, 28)! Mission COMPLETED.
[01:23:44] [Tick 10] Pos=(5, 28), Heading=NORTH, State=FAILSAFE_HOLD, Action=COMPLETED, Priority=0.0, Battery=100.0%, Waits=0
[01:23:44] [Tick 11] In FAILSAFE_HOLD (1/5 ticks). Holding position.
[01:23:45] [Tick 12] In FAILSAFE_HOLD (2/5 ticks). Holding position.
[01:23:45] [Tick 13] In FAILSAFE_HOLD (3/5 ticks). Holding position.
[01:23:46] [Tick 14] In FAILSAFE_HOLD (4/5 ticks). Holding position.
[01:23:46] [Tick 15] Recovered from failsafe/emergency stop -> IDLE.
[01:23:46] [Tick 15] REACHED DESTINATION (5, 28)! Mission COMPLETED.
[01:23:46] [Tick 15] Pos=(5, 28), Heading=NORTH, State=FAILSAFE_HOLD, Action=COMPLETED, Priority=0.0, Battery=100.0%, Waits=0
[01:23:47] [Tick 16] In FAILSAFE_HOLD (1/5 ticks). Holding position.
[01:23:47] [Tick 17] In FAILSAFE_HOLD (2/5 ticks). Holding position.
[01:23:48] [Tick 18] In FAILSAFE_HOLD (3/5 ticks). Holding position.
[01:23:48] [Tick 19] In FAILSAFE_HOLD (4/5 ticks). Holding position.
[01:23:49] [Tick 20] Recovered from failsafe/emergency stop -> IDLE.
[01:23:49] [Tick 20] REACHED DESTINATION (5, 28)! Mission COMPLETED.
[01:23:49] [Tick 20] Pos=(5, 28), Heading=NORTH, State=FAILSAFE_HOLD, Action=COMPLETED, Priority=0.0, Battery=100.0%, Waits=0
[01:23:49] [Tick 21] In FAILSAFE_HOLD (1/5 ticks). Holding position.
[01:23:50] [Tick 22] In FAILSAFE_HOLD (2/5 ticks). Holding position.
[01:23:50] [Tick 23] In FAILSAFE_HOLD (3/5 ticks). Holding position.
[01:23:51] [Tick 24] In FAILSAFE_HOLD (4/5 ticks). Holding position.
[01:23:51] [Tick 25] Recovered from failsafe/emergency stop -> IDLE.
[01:23:51] Security replay guard rejected packet from AMR-02: Expired message timestamp: age 12.52s > window 5.00s
[01:23:51] Security replay guard rejected packet from AMR-01: Expired message timestamp: age 12.51s > window 5.00s
[01:23:51] Security replay guard rejected packet from AMR-05: Expired message timestamp: age 12.51s > window 5.00s
[01:23:51] Security replay guard rejected packet from AMR-04: Expired message timestamp: age 12.50s > window 5.00s
[01:23:51] Security replay guard rejected packet from AMR-06: Expired message timestamp: age 12.49s > window 5.00s
[01:23:51] Security replay guard rejected packet from AMR-07: Expired message timestamp: age 12.45s > window 5.00s
[01:23:51] Security replay guard rejected packet from AMR-09: Expired message timestamp: age 12.45s > window 5.00s
[01:23:51] Security replay guard rejected packet from AMR-08: Expired message timestamp: age 12.45s > window 5.00s
[01:23:51] Security replay guard rejected packet from AMR-10: Expired message timestamp: age 12.43s > window 5.00s
[01:23:51] Security replay guard rejected packet from AMR-02: Expired message timestamp: age 10.01s > window 5.00s
[01:23:51] Security replay guard rejected packet from AMR-01: Expired message timestamp: age 10.01s > window 5.00s
[01:23:51] Security replay guard rejected packet from AMR-05: Expired message timestamp: age 10.01s > window 5.00s
[01:23:51] Security replay guard rejected packet from AMR-04: Expired message timestamp: age 10.00s > window 5.00s
[01:23:51] Security replay guard rejected packet from AMR-06: Expired message timestamp: age 9.99s > window 5.00s
[01:23:51] Security replay guard rejected packet from AMR-07: Expired message timestamp: age 9.95s > window 5.00s
[01:23:51] Security replay guard rejected packet from AMR-08: Expired message timestamp: age 9.95s > window 5.00s
[01:23:51] Security replay guard rejected packet from AMR-09: Expired message timestamp: age 9.95s > window 5.00s
[01:23:51] Security replay guard rejected packet from AMR-10: Expired message timestamp: age 9.93s > window 5.00s
[01:23:51] Security replay guard rejected packet from AMR-02: Expired message timestamp: age 7.51s > window 5.00s
[01:23:51] Security replay guard rejected packet from AMR-01: Expired message timestamp: age 7.51s > window 5.00s
[01:23:51] Security replay guard rejected packet from AMR-05: Expired message timestamp: age 7.51s > window 5.00s
[01:23:51] Security replay guard rejected packet from AMR-04: Expired message timestamp: age 7.50s > window 5.00s
[01:23:51] Security replay guard rejected packet from AMR-06: Expired message timestamp: age 7.49s > window 5.00s
[01:23:51] Security replay guard rejected packet from AMR-07: Expired message timestamp: age 7.45s > window 5.00s
[01:23:51] Security replay guard rejected packet from AMR-09: Expired message timestamp: age 7.44s > window 5.00s
[01:23:51] Security replay guard rejected packet from AMR-08: Expired message timestamp: age 7.44s > window 5.00s
[01:23:51] Security replay guard rejected packet from AMR-10: Expired message timestamp: age 7.43s > window 5.00s
[01:23:51] Security replay guard rejected packet from AMR-02: Expired message timestamp: age 5.01s > window 5.00s
[01:23:51] Security replay guard rejected packet from AMR-01: Expired message timestamp: age 5.01s > window 5.00s
[01:23:51] Security replay guard rejected packet from AMR-05: Expired message timestamp: age 5.01s > window 5.00s
[01:23:51] [Tick 25] REACHED DESTINATION (5, 28)! Mission COMPLETED.
[01:23:51] [Tick 25] Pos=(5, 28), Heading=NORTH, State=FAILSAFE_HOLD, Action=COMPLETED, Priority=0.0, Battery=100.0%, Waits=0
[01:23:52] [Tick 26] In FAILSAFE_HOLD (1/5 ticks). Holding position.
[01:23:52] [Tick 27] In FAILSAFE_HOLD (2/5 ticks). Holding position.
[01:23:53] [Tick 28] In FAILSAFE_HOLD (3/5 ticks). Holding position.
[01:23:53] [Tick 29] In FAILSAFE_HOLD (4/5 ticks). Holding position.
[01:23:54] [Tick 30] Recovered from failsafe/emergency stop -> IDLE.
[01:23:54] [Tick 30] REACHED DESTINATION (5, 28)! Mission COMPLETED.
[01:23:54] [Tick 30] Pos=(5, 28), Heading=NORTH, State=FAILSAFE_HOLD, Action=COMPLETED, Priority=0.0, Battery=100.0%, Waits=0
[01:23:54] [Tick 31] In FAILSAFE_HOLD (1/5 ticks). Holding position.
[01:23:55] [Tick 32] In FAILSAFE_HOLD (2/5 ticks). Holding position.
[01:23:55] [Tick 33] In FAILSAFE_HOLD (3/5 ticks). Holding position.
[01:23:56] [Tick 34] In FAILSAFE_HOLD (4/5 ticks). Holding position.
[01:23:56] [Tick 35] Recovered from failsafe/emergency stop -> IDLE.
[01:23:56] [Tick 35] REACHED DESTINATION (5, 28)! Mission COMPLETED.
[01:23:56] [Tick 35] Pos=(5, 28), Heading=NORTH, State=FAILSAFE_HOLD, Action=COMPLETED, Priority=0.0, Battery=100.0%, Waits=0
[01:23:57] [Tick 36] In FAILSAFE_HOLD (1/5 ticks). Holding position.
[01:23:57] [Tick 37] In FAILSAFE_HOLD (2/5 ticks). Holding position.
[01:23:58] [Tick 38] In FAILSAFE_HOLD (3/5 ticks). Holding position.
[01:23:58] [Tick 39] In FAILSAFE_HOLD (4/5 ticks). Holding position.
[01:23:59] [Tick 40] Recovered from failsafe/emergency stop -> IDLE.
[01:23:59] [Tick 40] REACHED DESTINATION (5, 28)! Mission COMPLETED.
[01:23:59] [Tick 40] Pos=(5, 28), Heading=NORTH, State=FAILSAFE_HOLD, Action=COMPLETED, Priority=0.0, Battery=100.0%, Waits=0
[01:23:59] [Tick 41] In FAILSAFE_HOLD (1/5 ticks). Holding position.
[01:24:00] [Tick 42] In FAILSAFE_HOLD (2/5 ticks). Holding position.
[01:24:00] [Tick 43] In FAILSAFE_HOLD (3/5 ticks). Holding position.
[01:24:01] [Tick 44] In FAILSAFE_HOLD (4/5 ticks). Holding position.
[01:24:01] [Tick 45] Recovered from failsafe/emergency stop -> IDLE.
[01:24:01] [Tick 45] Triggered background audit mission to (7, 12).
[01:24:01] [Tick 45] Degraded network throttle: pausing movement on alternate tick.
[01:24:01] [Tick 45] Pos=(5, 28), Heading=NORTH, State=AUDITING, Action=DEGRADED_SPEED_PAUSE, Priority=0.0, Battery=100.0%, Waits=0
[01:24:02] [Tick 46] Pos=(5, 27), Heading=NORTH, State=AUDITING, Action=MOVED, Priority=0.0, Battery=99.0%, Waits=0
[01:24:02] [Tick 47] Pos=(5, 26), Heading=NORTH, State=AUDITING, Action=MOVED, Priority=0.0, Battery=98.0%, Waits=0
[01:24:03] [Tick 48] Pos=(5, 25), Heading=NORTH, State=AUDITING, Action=MOVED, Priority=0.0, Battery=97.0%, Waits=0
[01:24:03] [Tick 49] Pos=(5, 24), Heading=NORTH, State=AUDITING, Action=MOVED, Priority=0.0, Battery=96.0%, Waits=0
[01:24:04] [Tick 50] Pos=(5, 23), Heading=NORTH, State=AUDITING, Action=MOVED, Priority=0.0, Battery=95.0%, Waits=0
[01:24:04] [Tick 51] Pos=(5, 22), Heading=NORTH, State=AUDITING, Action=MOVED, Priority=0.0, Battery=94.0%, Waits=0
[01:24:05] [Tick 52] Pos=(5, 21), Heading=NORTH, State=AUDITING, Action=MOVED, Priority=0.0, Battery=93.0%, Waits=0
[01:24:05] [Tick 53] Pos=(5, 21), Heading=NORTH, State=AUDITING, Action=WAITING, Priority=0.0, Battery=92.9%, Waits=1
[01:24:06] [Tick 54] Pos=(5, 21), Heading=NORTH, State=AUDITING, Action=WAITING, Priority=0.0, Battery=92.8%, Waits=2
[01:24:06] [Tick 55] Pos=(5, 21), Heading=NORTH, State=AUDITING, Action=WAITING, Priority=0.0, Battery=92.7%, Waits=3
[01:24:07] [Tick 56] Deadlock/livelock detected (3 wait ticks). Seeking alternate route/nook...
[01:24:07] [Tick 56] Alternate route found to goal (24 steps).
[01:24:07] [Tick 56] Pos=(5, 21), Heading=NORTH, State=AUDITING, Action=WAITING, Priority=0.0, Battery=92.6%, Waits=4
[01:24:07] [Tick 57] Deadlock/livelock detected (4 wait ticks). Seeking alternate route/nook...
[01:24:07] [Tick 57] Alternate route found to goal (20 steps).
[01:24:07] [Tick 57] Pos=(5, 21), Heading=NORTH, State=AUDITING, Action=WAITING, Priority=0.0, Battery=92.5%, Waits=5
[01:24:08] [Tick 58] Deadlock/livelock detected (5 wait ticks). Seeking alternate route/nook...
[01:24:08] [Tick 58] Alternate route found to goal (24 steps).
[01:24:08] [Tick 58] Pos=(5, 21), Heading=NORTH, State=AUDITING, Action=WAITING, Priority=0.0, Battery=92.4%, Waits=6
[01:24:08] [Tick 59] Deadlock/livelock detected (6 wait ticks). Seeking alternate route/nook...
[01:24:08] [Tick 59] Alternate route found to goal (24 steps).
[01:24:08] [Tick 59] Pos=(5, 21), Heading=NORTH, State=AUDITING, Action=WAITING, Priority=0.0, Battery=92.3%, Waits=7
[01:24:09] [Tick 60] Deadlock/livelock detected (7 wait ticks). Seeking alternate route/nook...
[01:24:09] [Tick 60] Alternate route found to goal (24 steps).
[01:24:09] [Tick 60] Pos=(5, 21), Heading=NORTH, State=AUDITING, Action=WAITING, Priority=0.0, Battery=92.2%, Waits=8
[01:24:09] [Tick 61] Deadlock/livelock detected (8 wait ticks). Seeking alternate route/nook...
[01:24:09] [Tick 61] Alternate route found to goal (24 steps).
[01:24:09] [Tick 61] Pos=(5, 21), Heading=NORTH, State=AUDITING, Action=WAITING, Priority=0.0, Battery=92.1%, Waits=9
[01:24:10] [Tick 62] Deadlock/livelock detected (9 wait ticks). Seeking alternate route/nook...
[01:24:10] [Tick 62] Alternate route found to goal (31 steps).
[01:24:10] [Tick 62] Pos=(5, 21), Heading=NORTH, State=AUDITING, Action=WAITING, Priority=0.0, Battery=92.0%, Waits=10
[01:24:10] [Tick 63] Deadlock/livelock detected (10 wait ticks). Seeking alternate route/nook...
[01:24:10] [Tick 63] Alternate route found to goal (31 steps).
[01:24:10] [Tick 63] Pos=(5, 21), Heading=NORTH, State=AUDITING, Action=WAITING, Priority=0.0, Battery=91.9%, Waits=11
[01:24:11] [Tick 64] Deadlock/livelock detected (11 wait ticks). Seeking alternate route/nook...
[01:24:11] [Tick 64] Alternate route found to goal (31 steps).
[01:24:11] [Tick 64] Pos=(5, 21), Heading=NORTH, State=AUDITING, Action=WAITING, Priority=0.0, Battery=91.8%, Waits=12
[01:24:11] [Tick 65] Deadlock/livelock detected (12 wait ticks). Seeking alternate route/nook...
[01:24:11] [Tick 65] Alternate route found to goal (31 steps).
[01:24:11] [Tick 65] Pos=(5, 21), Heading=NORTH, State=AUDITING, Action=WAITING, Priority=0.0, Battery=91.7%, Waits=13
[01:24:12] [Tick 66] Deadlock/livelock detected (13 wait ticks). Seeking alternate route/nook...
[01:24:12] [Tick 66] Alternate route found to goal (31 steps).
[01:24:12] [Tick 66] Pos=(5, 21), Heading=NORTH, State=AUDITING, Action=WAITING, Priority=0.0, Battery=91.6%, Waits=14
[01:24:12] [Tick 67] Deadlock/livelock detected (14 wait ticks). Seeking alternate route/nook...
[01:24:12] [Tick 67] Alternate route found to goal (31 steps).
[01:24:12] [Tick 67] Pos=(5, 21), Heading=NORTH, State=AUDITING, Action=WAITING, Priority=0.0, Battery=91.5%, Waits=15
[01:24:13] [Tick 68] Deadlock/livelock detected (15 wait ticks). Seeking alternate route/nook...
[01:24:13] [Tick 68] Alternate route found to goal (31 steps).
[01:24:13] [Tick 68] Pos=(5, 21), Heading=NORTH, State=AUDITING, Action=WAITING, Priority=0.0, Battery=91.4%, Waits=16
[01:24:13] [Tick 69] Deadlock/livelock detected (16 wait ticks). Seeking alternate route/nook...
[01:24:13] [Tick 69] Alternate route found to goal (31 steps).
[01:24:13] [Tick 69] Pos=(5, 21), Heading=NORTH, State=AUDITING, Action=WAITING, Priority=0.0, Battery=91.3%, Waits=17
[01:24:14] [Tick 70] Deadlock/livelock detected (17 wait ticks). Seeking alternate route/nook...
[01:24:14] [Tick 70] Alternate route found to goal (31 steps).
[01:24:14] [Tick 70] Pos=(5, 21), Heading=NORTH, State=AUDITING, Action=WAITING, Priority=0.0, Battery=91.2%, Waits=18
[01:24:14] [Tick 71] Deadlock/livelock detected (18 wait ticks). Seeking alternate route/nook...
[01:24:14] [Tick 71] Alternate route found to goal (31 steps).
[01:24:14] [Tick 71] Pos=(5, 21), Heading=NORTH, State=AUDITING, Action=WAITING, Priority=0.0, Battery=91.1%, Waits=19
[01:24:15] [Tick 72] Deadlock/livelock detected (19 wait ticks). Seeking alternate route/nook...
[01:24:15] [Tick 72] Alternate route found to goal (31 steps).
[01:24:15] [Tick 72] Pos=(5, 21), Heading=NORTH, State=AUDITING, Action=WAITING, Priority=0.0, Battery=91.0%, Waits=20
[01:24:15] [Tick 73] Deadlock/livelock detected (20 wait ticks). Seeking alternate route/nook...
[01:24:15] [Tick 73] Alternate route found to goal (17 steps).
[01:24:15] [Tick 73] Pos=(5, 21), Heading=NORTH, State=AUDITING, Action=WAITING, Priority=0.0, Battery=90.9%, Waits=21
[01:24:16] [Tick 74] Deadlock/livelock detected (21 wait ticks). Seeking alternate route/nook...
[01:24:16] [Tick 74] Alternate route found to goal (31 steps).
[01:24:16] [Tick 74] Pos=(5, 21), Heading=NORTH, State=AUDITING, Action=WAITING, Priority=0.0, Battery=90.8%, Waits=22
[01:24:16] [Tick 75] Deadlock/livelock detected (22 wait ticks). Seeking alternate route/nook...
[01:24:16] [Tick 75] Alternate route found to goal (31 steps).
[01:24:16] [Tick 75] Pos=(5, 21), Heading=NORTH, State=AUDITING, Action=WAITING, Priority=0.0, Battery=90.7%, Waits=23
[01:24:17] [Tick 76] Deadlock/livelock detected (23 wait ticks). Seeking alternate route/nook...
[01:24:17] [Tick 76] Alternate route found to goal (31 steps).
[01:24:17] [Tick 76] Pos=(5, 21), Heading=NORTH, State=AUDITING, Action=WAITING, Priority=0.0, Battery=90.6%, Waits=24
[01:24:17] [Tick 77] Deadlock/livelock detected (24 wait ticks). Seeking alternate route/nook...
[01:24:17] [Tick 77] Alternate route found to goal (31 steps).
[01:24:17] [Tick 77] Pos=(5, 21), Heading=NORTH, State=AUDITING, Action=WAITING, Priority=0.0, Battery=90.5%, Waits=25
[01:24:18] [Tick 78] Deadlock/livelock detected (25 wait ticks). Seeking alternate route/nook...
[01:24:18] [Tick 78] Alternate route found to goal (31 steps).
[01:24:18] [Tick 78] Pos=(5, 21), Heading=NORTH, State=AUDITING, Action=WAITING, Priority=0.0, Battery=90.4%, Waits=26
[01:24:18] [Tick 79] Deadlock/livelock detected (26 wait ticks). Seeking alternate route/nook...
[01:24:18] [Tick 79] Alternate route found to goal (31 steps).
[01:24:18] [Tick 79] Pos=(5, 21), Heading=NORTH, State=AUDITING, Action=WAITING, Priority=0.0, Battery=90.3%, Waits=27
[01:24:19] [Tick 80] Deadlock/livelock detected (27 wait ticks). Seeking alternate route/nook...
[01:24:19] [Tick 80] Alternate route found to goal (31 steps).
[01:24:19] [Tick 80] Pos=(5, 21), Heading=NORTH, State=AUDITING, Action=WAITING, Priority=0.0, Battery=90.2%, Waits=28
[01:24:19] [Tick 81] Deadlock/livelock detected (28 wait ticks). Seeking alternate route/nook...
[01:24:19] [Tick 81] Alternate route found to goal (31 steps).
[01:24:19] [Tick 81] Pos=(5, 21), Heading=NORTH, State=AUDITING, Action=WAITING, Priority=0.0, Battery=90.1%, Waits=29
[01:24:20] [Tick 82] Deadlock/livelock detected (29 wait ticks). Seeking alternate route/nook...
[01:24:20] [Tick 82] Alternate route found to goal (31 steps).
[01:24:20] [Tick 82] Pos=(5, 21), Heading=NORTH, State=AUDITING, Action=WAITING, Priority=0.0, Battery=90.0%, Waits=30
[01:24:20] [Tick 83] Deadlock/livelock detected (30 wait ticks). Seeking alternate route/nook...
[01:24:20] [Tick 83] Alternate route found to goal (31 steps).
[01:24:20] [Tick 83] Pos=(5, 21), Heading=NORTH, State=AUDITING, Action=WAITING, Priority=0.0, Battery=89.9%, Waits=31
[01:24:21] [Tick 84] Deadlock/livelock detected (31 wait ticks). Seeking alternate route/nook...
[01:24:21] [Tick 84] Alternate route found to goal (31 steps).
[01:24:21] [Tick 84] Pos=(5, 21), Heading=NORTH, State=AUDITING, Action=WAITING, Priority=0.0, Battery=89.8%, Waits=32
[01:24:21] [Tick 85] Deadlock/livelock detected (32 wait ticks). Seeking alternate route/nook...
[01:24:21] [Tick 85] Alternate route found to goal (17 steps).
[01:24:21] [Tick 85] Pos=(5, 21), Heading=NORTH, State=AUDITING, Action=WAITING, Priority=0.0, Battery=89.7%, Waits=33
[01:24:22] [Tick 86] Deadlock/livelock detected (33 wait ticks). Seeking alternate route/nook...
[01:24:22] [Tick 86] Alternate route found to goal (15 steps).
[01:24:22] [Tick 86] Pos=(5, 21), Heading=NORTH, State=AUDITING, Action=WAITING, Priority=0.0, Battery=89.6%, Waits=34
[01:24:22] [Tick 87] Deadlock/livelock detected (34 wait ticks). Seeking alternate route/nook...
[01:24:22] [Tick 87] Alternate route found to goal (14 steps).
[01:24:22] [Tick 87] Pos=(5, 21), Heading=NORTH, State=AUDITING, Action=WAITING, Priority=0.0, Battery=89.5%, Waits=35
