[11:06:41] Autonomous Robot Node initialized. PID=28640, Start=(1, 28), Goal=(1, 28)
[11:06:41] [Tick 0] REACHED DESTINATION (1, 28)! Mission COMPLETED.
[11:06:41] [Tick 0] Pos=(1, 28), Heading=NORTH, State=FAILSAFE_HOLD, Action=COMPLETED, Priority=0.0, Battery=100.0%, Waits=0
[11:06:41] [Tick 1] In FAILSAFE_HOLD (1/5 ticks). Holding position.
[11:06:42] [Tick 2] In FAILSAFE_HOLD (2/5 ticks). Holding position.
[11:06:42] [Tick 3] In FAILSAFE_HOLD (3/5 ticks). Holding position.
[11:06:43] [Tick 4] In FAILSAFE_HOLD (4/5 ticks). Holding position.
[11:06:43] [Tick 5] Recovered from failsafe/emergency stop -> IDLE.
[11:06:43] [Tick 5] REACHED DESTINATION (1, 28)! Mission COMPLETED.
[11:06:43] [Tick 5] Pos=(1, 28), Heading=NORTH, State=FAILSAFE_HOLD, Action=COMPLETED, Priority=0.0, Battery=100.0%, Waits=0
[11:06:44] [Tick 6] In FAILSAFE_HOLD (1/5 ticks). Holding position.
[11:06:44] [Tick 7] In FAILSAFE_HOLD (2/5 ticks). Holding position.
[11:06:45] [Tick 8] In FAILSAFE_HOLD (3/5 ticks). Holding position.
[11:06:45] [Tick 9] In FAILSAFE_HOLD (4/5 ticks). Holding position.
[11:06:46] [Tick 10] Recovered from failsafe/emergency stop -> IDLE.
[11:06:46] [Tick 10] REACHED DESTINATION (1, 28)! Mission COMPLETED.
[11:06:46] [Tick 10] Pos=(1, 28), Heading=NORTH, State=FAILSAFE_HOLD, Action=COMPLETED, Priority=0.0, Battery=100.0%, Waits=0
[11:06:46] [Tick 11] In FAILSAFE_HOLD (1/5 ticks). Holding position.
[11:06:47] [Tick 12] In FAILSAFE_HOLD (2/5 ticks). Holding position.
[11:06:47] [Tick 13] In FAILSAFE_HOLD (3/5 ticks). Holding position.
[11:06:48] [Tick 14] In FAILSAFE_HOLD (4/5 ticks). Holding position.
[11:06:48] [Tick 15] Recovered from failsafe/emergency stop -> IDLE.
[11:06:48] [Tick 15] REACHED DESTINATION (1, 28)! Mission COMPLETED.
[11:06:48] [Tick 15] Pos=(1, 28), Heading=NORTH, State=FAILSAFE_HOLD, Action=COMPLETED, Priority=0.0, Battery=100.0%, Waits=0
[11:06:49] [Tick 16] In FAILSAFE_HOLD (1/5 ticks). Holding position.
[11:06:49] [Tick 17] In FAILSAFE_HOLD (2/5 ticks). Holding position.
[11:06:50] [Tick 18] In FAILSAFE_HOLD (3/5 ticks). Holding position.
[11:06:50] [Tick 19] In FAILSAFE_HOLD (4/5 ticks). Holding position.
[11:06:51] [Tick 20] Recovered from failsafe/emergency stop -> IDLE.
[11:06:51] [Tick 20] REACHED DESTINATION (1, 28)! Mission COMPLETED.
[11:06:51] [Tick 20] Pos=(1, 28), Heading=NORTH, State=FAILSAFE_HOLD, Action=COMPLETED, Priority=0.0, Battery=100.0%, Waits=0
[11:06:51] [Tick 21] In FAILSAFE_HOLD (1/5 ticks). Holding position.
[11:06:52] [Tick 22] In FAILSAFE_HOLD (2/5 ticks). Holding position.
[11:06:52] [Tick 23] In FAILSAFE_HOLD (3/5 ticks). Holding position.
[11:06:53] [Tick 24] In FAILSAFE_HOLD (4/5 ticks). Holding position.
[11:06:53] [Tick 25] Recovered from failsafe/emergency stop -> IDLE.
[11:06:53] Security replay guard rejected packet from AMR-02: Expired message timestamp: age 12.49s > window 5.00s
[11:06:53] Security replay guard rejected packet from AMR-03: Expired message timestamp: age 12.44s > window 5.00s
[11:06:53] Security replay guard rejected packet from AMR-04: Expired message timestamp: age 12.39s > window 5.00s
[11:06:53] Security replay guard rejected packet from AMR-05: Expired message timestamp: age 12.36s > window 5.00s
[11:06:53] Security replay guard rejected packet from AMR-06: Expired message timestamp: age 12.32s > window 5.00s
[11:06:53] Security replay guard rejected packet from AMR-07: Expired message timestamp: age 12.28s > window 5.00s
[11:06:53] Security replay guard rejected packet from AMR-08: Expired message timestamp: age 12.25s > window 5.00s
[11:06:53] Security replay guard rejected packet from AMR-09: Expired message timestamp: age 12.22s > window 5.00s
[11:06:53] Security replay guard rejected packet from AMR-10: Expired message timestamp: age 12.19s > window 5.00s
[11:06:53] Security replay guard rejected packet from AMR-02: Expired message timestamp: age 9.98s > window 5.00s
[11:06:53] Security replay guard rejected packet from AMR-03: Expired message timestamp: age 9.94s > window 5.00s
[11:06:53] Security replay guard rejected packet from AMR-04: Expired message timestamp: age 9.89s > window 5.00s
[11:06:53] Security replay guard rejected packet from AMR-05: Expired message timestamp: age 9.85s > window 5.00s
[11:06:53] Security replay guard rejected packet from AMR-06: Expired message timestamp: age 9.82s > window 5.00s
[11:06:53] Security replay guard rejected packet from AMR-07: Expired message timestamp: age 9.78s > window 5.00s
[11:06:53] Security replay guard rejected packet from AMR-08: Expired message timestamp: age 9.75s > window 5.00s
[11:06:53] Security replay guard rejected packet from AMR-09: Expired message timestamp: age 9.72s > window 5.00s
[11:06:53] Security replay guard rejected packet from AMR-10: Expired message timestamp: age 9.68s > window 5.00s
[11:06:53] Security replay guard rejected packet from AMR-02: Expired message timestamp: age 7.48s > window 5.00s
[11:06:53] Security replay guard rejected packet from AMR-03: Expired message timestamp: age 7.44s > window 5.00s
[11:06:53] Security replay guard rejected packet from AMR-04: Expired message timestamp: age 7.39s > window 5.00s
[11:06:53] Security replay guard rejected packet from AMR-05: Expired message timestamp: age 7.35s > window 5.00s
[11:06:53] Security replay guard rejected packet from AMR-06: Expired message timestamp: age 7.32s > window 5.00s
[11:06:53] Security replay guard rejected packet from AMR-07: Expired message timestamp: age 7.28s > window 5.00s
[11:06:53] Security replay guard rejected packet from AMR-08: Expired message timestamp: age 7.25s > window 5.00s
[11:06:53] Security replay guard rejected packet from AMR-09: Expired message timestamp: age 7.22s > window 5.00s
[11:06:53] Security replay guard rejected packet from AMR-10: Expired message timestamp: age 7.18s > window 5.00s
[11:06:53] [Tick 25] REACHED DESTINATION (1, 28)! Mission COMPLETED.
[11:06:53] [Tick 25] Pos=(1, 28), Heading=NORTH, State=FAILSAFE_HOLD, Action=COMPLETED, Priority=0.0, Battery=100.0%, Waits=0
[11:06:54] [Tick 26] In FAILSAFE_HOLD (1/5 ticks). Holding position.
[11:06:54] [Tick 27] In FAILSAFE_HOLD (2/5 ticks). Holding position.
[11:06:55] [Tick 28] In FAILSAFE_HOLD (3/5 ticks). Holding position.
[11:06:55] [Tick 29] In FAILSAFE_HOLD (4/5 ticks). Holding position.
[11:06:56] [Tick 30] Recovered from failsafe/emergency stop -> IDLE.
[11:06:56] [Tick 30] REACHED DESTINATION (1, 28)! Mission COMPLETED.
[11:06:56] [Tick 30] Pos=(1, 28), Heading=NORTH, State=FAILSAFE_HOLD, Action=COMPLETED, Priority=0.0, Battery=100.0%, Waits=0
[11:06:56] [Tick 31] In FAILSAFE_HOLD (1/5 ticks). Holding position.
[11:06:57] [Tick 32] In FAILSAFE_HOLD (2/5 ticks). Holding position.
[11:06:57] [Tick 33] In FAILSAFE_HOLD (3/5 ticks). Holding position.
[11:06:58] [Tick 34] In FAILSAFE_HOLD (4/5 ticks). Holding position.
[11:06:58] [Tick 35] Recovered from failsafe/emergency stop -> IDLE.
[11:06:58] [Tick 35] REACHED DESTINATION (1, 28)! Mission COMPLETED.
[11:06:58] [Tick 35] Pos=(1, 28), Heading=NORTH, State=FAILSAFE_HOLD, Action=COMPLETED, Priority=0.0, Battery=100.0%, Waits=0
[11:06:59] [Tick 36] In FAILSAFE_HOLD (1/5 ticks). Holding position.
[11:06:59] [Tick 37] In FAILSAFE_HOLD (2/5 ticks). Holding position.
[11:07:00] [Tick 38] In FAILSAFE_HOLD (3/5 ticks). Holding position.
[11:07:00] [Tick 39] In FAILSAFE_HOLD (4/5 ticks). Holding position.
[11:07:01] [Tick 40] Recovered from failsafe/emergency stop -> IDLE.
[11:07:01] [Tick 40] REACHED DESTINATION (1, 28)! Mission COMPLETED.
[11:07:01] [Tick 40] Pos=(1, 28), Heading=NORTH, State=FAILSAFE_HOLD, Action=COMPLETED, Priority=0.0, Battery=100.0%, Waits=0
[11:07:01] [Tick 41] In FAILSAFE_HOLD (1/5 ticks). Holding position.
[11:07:02] [Tick 42] In FAILSAFE_HOLD (2/5 ticks). Holding position.
[11:07:02] [Tick 43] In FAILSAFE_HOLD (3/5 ticks). Holding position.
[11:07:03] [Tick 44] In FAILSAFE_HOLD (4/5 ticks). Holding position.
[11:07:03] [Tick 45] Recovered from failsafe/emergency stop -> IDLE.
[11:07:03] [Tick 45] Triggered background audit mission to (7, 12).
[11:07:03] [Tick 45] Degraded network throttle: pausing movement on alternate tick.
[11:07:03] [Tick 45] Pos=(1, 28), Heading=NORTH, State=AUDITING, Action=DEGRADED_SPEED_PAUSE, Priority=0.0, Battery=100.0%, Waits=0
[11:07:04] [Tick 46] Pos=(1, 27), Heading=NORTH, State=AUDITING, Action=MOVED, Priority=0.0, Battery=99.0%, Waits=0
[11:07:04] [Tick 47] Pos=(1, 26), Heading=NORTH, State=AUDITING, Action=MOVED, Priority=0.0, Battery=98.0%, Waits=0
[11:07:05] [Tick 48] Pos=(1, 25), Heading=NORTH, State=AUDITING, Action=MOVED, Priority=0.0, Battery=97.0%, Waits=0
[11:07:05] [Tick 49] Pos=(1, 24), Heading=NORTH, State=AUDITING, Action=MOVED, Priority=0.0, Battery=96.0%, Waits=0
[11:07:06] [Tick 50] Pos=(1, 23), Heading=NORTH, State=AUDITING, Action=MOVED, Priority=0.0, Battery=95.0%, Waits=0
[11:07:06] [Tick 51] Pos=(1, 22), Heading=NORTH, State=AUDITING, Action=MOVED, Priority=0.0, Battery=94.0%, Waits=0
[11:07:07] [Tick 52] Pos=(1, 21), Heading=NORTH, State=AUDITING, Action=MOVED, Priority=0.0, Battery=93.0%, Waits=0
[11:07:07] [Tick 53] Pos=(1, 20), Heading=NORTH, State=AUDITING, Action=MOVED, Priority=0.0, Battery=92.0%, Waits=0
[11:07:08] [Tick 54] Pos=(1, 19), Heading=NORTH, State=AUDITING, Action=MOVED, Priority=0.0, Battery=91.0%, Waits=0
[11:07:08] [Tick 55] Pos=(1, 18), Heading=NORTH, State=AUDITING, Action=MOVED, Priority=0.0, Battery=90.0%, Waits=0
[11:07:09] [Tick 56] Pos=(1, 17), Heading=NORTH, State=AUDITING, Action=MOVED, Priority=0.0, Battery=89.0%, Waits=0
[11:07:09] [Tick 57] Pos=(1, 16), Heading=NORTH, State=AUDITING, Action=MOVED, Priority=0.0, Battery=88.0%, Waits=0
[11:07:10] [Tick 58] Pos=(1, 15), Heading=NORTH, State=AUDITING, Action=MOVED, Priority=0.0, Battery=87.0%, Waits=0
[11:07:10] [Tick 59] Pos=(1, 14), Heading=NORTH, State=AUDITING, Action=MOVED, Priority=0.0, Battery=86.0%, Waits=0
[11:07:11] [Tick 60] Pos=(1, 13), Heading=NORTH, State=AUDITING, Action=MOVED, Priority=0.0, Battery=85.0%, Waits=0
[11:07:11] [Tick 61] Pos=(1, 12), Heading=NORTH, State=AUDITING, Action=MOVED, Priority=0.0, Battery=84.0%, Waits=0
[11:07:12] [Tick 62] Pos=(1, 12), Heading=NORTH, State=AUDITING, Action=WAITING, Priority=0.0, Battery=83.9%, Waits=1
[11:07:12] [Tick 63] Pos=(1, 12), Heading=NORTH, State=AUDITING, Action=WAITING, Priority=0.0, Battery=83.8%, Waits=2
[11:07:13] [Tick 64] Pos=(1, 12), Heading=NORTH, State=AUDITING, Action=WAITING, Priority=0.0, Battery=83.7%, Waits=3
[11:07:13] [Tick 65] Deadlock/livelock detected (3 wait ticks). Seeking alternate route/nook...
[11:07:14] [Tick 65] Alternate route found to goal (31 steps).
[11:07:14] [Tick 65] Pos=(2, 12), Heading=EAST, State=AUDITING, Action=MOVED, Priority=0.0, Battery=82.7%, Waits=0
[11:07:14] [Tick 66] Pos=(3, 12), Heading=EAST, State=AUDITING, Action=MOVED, Priority=0.0, Battery=81.7%, Waits=0
[11:07:14] [Tick 67] Pos=(4, 12), Heading=EAST, State=AUDITING, Action=MOVED, Priority=0.0, Battery=80.7%, Waits=0
[11:07:15] [Tick 68] Pos=(5, 12), Heading=EAST, State=AUDITING, Action=MOVED, Priority=0.0, Battery=79.7%, Waits=0
[11:07:16] [Tick 69] Pos=(6, 12), Heading=EAST, State=AUDITING, Action=MOVED, Priority=0.0, Battery=78.7%, Waits=0
[11:07:16] [Tick 70] Pos=(6, 12), Heading=EAST, State=AUDITING, Action=WAITING, Priority=0.0, Battery=78.6%, Waits=1
[11:07:17] [Tick 71] Pos=(6, 12), Heading=EAST, State=AUDITING, Action=WAITING, Priority=0.0, Battery=78.5%, Waits=2
[11:07:17] [Tick 72] Pos=(6, 12), Heading=EAST, State=AUDITING, Action=WAITING, Priority=0.0, Battery=78.4%, Waits=3
[11:07:17] [Tick 73] Deadlock/livelock detected (3 wait ticks). Seeking alternate route/nook...
[11:07:17] [Tick 73] Alternate route found to goal (2 steps).
[11:07:18] [Tick 73] [AUDIT SIMULATED] Checkpoint (7, 12): Shelf items verified (count=35, audit_id=AUDIT-5976)
[11:07:18] [Tick 73] Pos=(7, 12), Heading=EAST, State=IDLE, Action=COMPLETED, Priority=0.0, Battery=77.4%, Waits=0
[11:07:18] [Tick 74] Pos=(7, 12), Heading=EAST, State=IDLE, Action=IDLE, Priority=0.0, Battery=77.4%, Waits=0
[11:07:19] [Tick 75] Pos=(7, 12), Heading=EAST, State=IDLE, Action=IDLE, Priority=0.0, Battery=77.4%, Waits=0
[11:07:19] [Tick 76] Pos=(7, 12), Heading=EAST, State=IDLE, Action=IDLE, Priority=0.0, Battery=77.4%, Waits=0
[11:07:19] [Tick 77] Pos=(7, 12), Heading=EAST, State=IDLE, Action=IDLE, Priority=0.0, Battery=77.4%, Waits=0
[11:07:20] [Tick 78] Pos=(7, 12), Heading=EAST, State=IDLE, Action=IDLE, Priority=0.0, Battery=77.4%, Waits=0
[11:07:20] [Tick 79] Pos=(7, 12), Heading=EAST, State=IDLE, Action=IDLE, Priority=0.0, Battery=77.4%, Waits=0
[11:07:21] [Tick 80] Pos=(7, 12), Heading=EAST, State=IDLE, Action=IDLE, Priority=0.0, Battery=77.4%, Waits=0
[11:07:21] [Tick 81] Pos=(7, 12), Heading=EAST, State=IDLE, Action=IDLE, Priority=0.0, Battery=77.4%, Waits=0
[11:07:22] [Tick 82] Pos=(7, 12), Heading=EAST, State=IDLE, Action=IDLE, Priority=0.0, Battery=77.4%, Waits=0
[11:07:22] [Tick 83] Triggered background audit mission to (6, 6).
[11:07:22] [Tick 83] Pos=(7, 11), Heading=NORTH, State=AUDITING, Action=MOVED, Priority=0.0, Battery=76.4%, Waits=0
[11:07:23] [Tick 84] Pos=(7, 10), Heading=NORTH, State=AUDITING, Action=MOVED, Priority=0.0, Battery=75.4%, Waits=0
[11:07:23] [Tick 85] Pos=(7, 9), Heading=NORTH, State=AUDITING, Action=MOVED, Priority=0.0, Battery=74.4%, Waits=0
[11:07:24] [Tick 86] Pos=(7, 8), Heading=NORTH, State=AUDITING, Action=MOVED, Priority=0.0, Battery=73.4%, Waits=0
[11:07:25] [Tick 87] Pos=(7, 7), Heading=NORTH, State=AUDITING, Action=MOVED, Priority=0.0, Battery=72.4%, Waits=0
[11:07:25] [Tick 88] Pos=(7, 6), Heading=NORTH, State=AUDITING, Action=MOVED, Priority=0.0, Battery=71.4%, Waits=0
[11:07:26] [Tick 89] Pos=(7, 6), Heading=NORTH, State=AUDITING, Action=WAITING, Priority=0.0, Battery=71.3%, Waits=1
[11:07:26] [Tick 90] Pos=(7, 6), Heading=NORTH, State=AUDITING, Action=WAITING, Priority=0.0, Battery=71.2%, Waits=2
[11:07:27] [Tick 91] Pos=(7, 6), Heading=NORTH, State=AUDITING, Action=WAITING, Priority=0.0, Battery=71.1%, Waits=3
[11:07:27] [Tick 92] Deadlock/livelock detected (3 wait ticks). Seeking alternate route/nook...
[11:07:27] [Tick 92] Alternate route found to goal (2 steps).
[11:07:27] [Tick 92] [AUDIT SIMULATED] Checkpoint (6, 6): Shelf items verified (count=24, audit_id=AUDIT-3439)
[11:07:27] [Tick 92] Pos=(6, 6), Heading=WEST, State=IDLE, Action=COMPLETED, Priority=0.0, Battery=70.1%, Waits=0
[11:07:28] [Tick 93] Pos=(6, 6), Heading=WEST, State=IDLE, Action=IDLE, Priority=0.0, Battery=70.1%, Waits=0
[11:07:28] [Tick 94] Pos=(6, 6), Heading=WEST, State=IDLE, Action=IDLE, Priority=0.0, Battery=70.1%, Waits=0
[11:07:29] [Tick 95] Pos=(6, 6), Heading=WEST, State=IDLE, Action=IDLE, Priority=0.0, Battery=70.1%, Waits=0
[11:07:29] [Tick 96] Pos=(6, 6), Heading=WEST, State=IDLE, Action=IDLE, Priority=0.0, Battery=70.1%, Waits=0
[11:07:30] [Tick 97] Pos=(6, 6), Heading=WEST, State=IDLE, Action=IDLE, Priority=0.0, Battery=70.1%, Waits=0
[11:07:30] [Tick 98] Pos=(6, 6), Heading=WEST, State=IDLE, Action=IDLE, Priority=0.0, Battery=70.1%, Waits=0
[11:07:31] [Tick 99] Pos=(6, 6), Heading=WEST, State=IDLE, Action=IDLE, Priority=0.0, Battery=70.1%, Waits=0
[11:07:31] [Tick 100] Pos=(6, 6), Heading=WEST, State=IDLE, Action=IDLE, Priority=0.0, Battery=70.1%, Waits=0
[11:07:32] [Tick 101] Pos=(6, 6), Heading=WEST, State=IDLE, Action=IDLE, Priority=0.0, Battery=70.1%, Waits=0
[11:07:32] [Tick 102] Triggered background audit mission to (7, 12).
[11:07:32] [Tick 102] Pos=(6, 7), Heading=SOUTH, State=AUDITING, Action=MOVED, Priority=0.0, Battery=69.1%, Waits=0
[11:07:33] [Tick 103] Pos=(6, 8), Heading=SOUTH, State=AUDITING, Action=MOVED, Priority=0.0, Battery=68.1%, Waits=0
[11:07:33] [Tick 104] Pos=(6, 9), Heading=SOUTH, State=AUDITING, Action=MOVED, Priority=0.0, Battery=67.1%, Waits=0
[11:07:34] [Tick 105] Pos=(6, 9), Heading=SOUTH, State=AUDITING, Action=WAITING, Priority=0.0, Battery=67.0%, Waits=1
[11:07:34] [Tick 106] Pos=(6, 9), Heading=SOUTH, State=AUDITING, Action=WAITING, Priority=0.0, Battery=66.9%, Waits=2
[11:07:35] [Tick 107] Pos=(6, 9), Heading=SOUTH, State=AUDITING, Action=WAITING, Priority=0.0, Battery=66.8%, Waits=3
[11:07:35] [Tick 108] Deadlock/livelock detected (3 wait ticks). Seeking alternate route/nook...
[11:07:35] [Tick 108] Alternate route found to goal (31 steps).
[11:07:35] [Tick 108] Pos=(6, 9), Heading=SOUTH, State=AUDITING, Action=WAITING, Priority=0.0, Battery=66.7%, Waits=4
[11:07:35] [Tick 109] Deadlock/livelock detected (4 wait ticks). Seeking alternate route/nook...
[11:07:36] [Tick 109] Alternate route found to goal (31 steps).
[11:07:36] [Tick 109] Pos=(6, 9), Heading=SOUTH, State=AUDITING, Action=WAITING, Priority=0.0, Battery=66.6%, Waits=5
[11:07:36] [Tick 110] Deadlock/livelock detected (5 wait ticks). Seeking alternate route/nook...
[11:07:36] [Tick 110] Alternate route found to goal (31 steps).
[11:07:36] [Tick 110] Pos=(6, 9), Heading=SOUTH, State=AUDITING, Action=WAITING, Priority=0.0, Battery=66.5%, Waits=6
[11:07:36] [Tick 111] Deadlock/livelock detected (6 wait ticks). Seeking alternate route/nook...
[11:07:37] [Tick 111] Alternate route found to goal (31 steps).
[11:07:37] [Tick 111] Pos=(6, 9), Heading=SOUTH, State=AUDITING, Action=WAITING, Priority=0.0, Battery=66.4%, Waits=7
[11:07:37] [Tick 112] Deadlock/livelock detected (7 wait ticks). Seeking alternate route/nook...
[11:07:37] [Tick 112] Alternate route found to goal (31 steps).
[11:07:37] [Tick 112] Pos=(6, 9), Heading=SOUTH, State=AUDITING, Action=WAITING, Priority=0.0, Battery=66.3%, Waits=8
[11:07:37] [Tick 113] Deadlock/livelock detected (8 wait ticks). Seeking alternate route/nook...
[11:07:38] [Tick 113] Alternate route found to goal (31 steps).
[11:07:38] [Tick 113] Pos=(6, 9), Heading=SOUTH, State=AUDITING, Action=WAITING, Priority=0.0, Battery=66.2%, Waits=9
[11:07:38] [Tick 114] Deadlock/livelock detected (9 wait ticks). Seeking alternate route/nook...
[11:07:38] [Tick 114] Alternate route found to goal (31 steps).
[11:07:38] [Tick 114] Pos=(6, 9), Heading=SOUTH, State=AUDITING, Action=WAITING, Priority=0.0, Battery=66.1%, Waits=10
[11:07:38] [Tick 115] Deadlock/livelock detected (10 wait ticks). Seeking alternate route/nook...
[11:07:39] [Tick 115] Alternate route found to goal (31 steps).
[11:07:39] [Tick 115] Pos=(6, 9), Heading=SOUTH, State=AUDITING, Action=WAITING, Priority=0.0, Battery=66.0%, Waits=11
[11:07:39] [Tick 116] Deadlock/livelock detected (11 wait ticks). Seeking alternate route/nook...
[11:07:39] [Tick 116] Alternate route found to goal (31 steps).
[11:07:39] [Tick 116] Pos=(6, 9), Heading=SOUTH, State=AUDITING, Action=WAITING, Priority=0.0, Battery=65.9%, Waits=12
[11:07:39] [Tick 117] Deadlock/livelock detected (12 wait ticks). Seeking alternate route/nook...
[11:07:40] [Tick 117] Alternate route found to goal (31 steps).
[11:07:40] [Tick 117] Pos=(6, 9), Heading=SOUTH, State=AUDITING, Action=WAITING, Priority=0.0, Battery=65.8%, Waits=13
[11:07:40] [Tick 118] Deadlock/livelock detected (13 wait ticks). Seeking alternate route/nook...
[11:07:40] [Tick 118] Alternate route found to goal (31 steps).
[11:07:40] [Tick 118] Pos=(6, 9), Heading=SOUTH, State=AUDITING, Action=WAITING, Priority=0.0, Battery=65.7%, Waits=14
[11:07:40] [Tick 119] Deadlock/livelock detected (14 wait ticks). Seeking alternate route/nook...
[11:07:41] [Tick 119] Alternate route found to goal (16 steps).
[11:07:41] [Tick 119] Pos=(6, 9), Heading=SOUTH, State=AUDITING, Action=WAITING, Priority=0.0, Battery=65.6%, Waits=15
[11:07:41] [Tick 120] Deadlock/livelock detected (15 wait ticks). Seeking alternate route/nook...
[11:07:41] [Tick 120] Alternate route found to goal (16 steps).
[11:07:41] [Tick 120] Pos=(6, 9), Heading=SOUTH, State=AUDITING, Action=WAITING, Priority=0.0, Battery=65.5%, Waits=16
[11:07:41] [Tick 121] Deadlock/livelock detected (16 wait ticks). Seeking alternate route/nook...
[11:07:42] [Tick 121] Alternate route found to goal (16 steps).
[11:07:42] [Tick 121] Pos=(6, 9), Heading=SOUTH, State=AUDITING, Action=WAITING, Priority=0.0, Battery=65.4%, Waits=17
[11:07:42] [Tick 122] Deadlock/livelock detected (17 wait ticks). Seeking alternate route/nook...
[11:07:42] [Tick 122] Alternate route found to goal (16 steps).
[11:07:42] [Tick 122] Pos=(6, 9), Heading=SOUTH, State=AUDITING, Action=WAITING, Priority=0.0, Battery=65.3%, Waits=18
[11:07:42] [Tick 123] Deadlock/livelock detected (18 wait ticks). Seeking alternate route/nook...
[11:07:43] [Tick 123] Alternate route found to goal (16 steps).
[11:07:43] [Tick 123] Pos=(6, 9), Heading=SOUTH, State=AUDITING, Action=WAITING, Priority=0.0, Battery=65.2%, Waits=19
[11:07:43] [Tick 124] Deadlock/livelock detected (19 wait ticks). Seeking alternate route/nook...
[11:07:43] [Tick 124] Alternate route found to goal (16 steps).
[11:07:43] [Tick 124] Pos=(6, 9), Heading=SOUTH, State=AUDITING, Action=WAITING, Priority=0.0, Battery=65.1%, Waits=20
[11:07:44] [Tick 125] Deadlock/livelock detected (20 wait ticks). Seeking alternate route/nook...
[11:07:44] [Tick 125] Alternate route found to goal (7 steps).
[11:07:44] [Tick 125] Pos=(6, 9), Heading=SOUTH, State=AUDITING, Action=WAITING, Priority=0.0, Battery=65.0%, Waits=21
[11:07:44] [Tick 126] Deadlock/livelock detected (21 wait ticks). Seeking alternate route/nook...
[11:07:44] [Tick 126] Alternate route found to goal (7 steps).
[11:07:44] [Tick 126] Pos=(6, 9), Heading=SOUTH, State=AUDITING, Action=WAITING, Priority=0.0, Battery=64.9%, Waits=22
