[01:23:39] Autonomous Robot Node initialized. PID=25148, Start=(15, 28), Goal=(15, 28)
[01:23:39] [Tick 0] REACHED DESTINATION (15, 28)! Mission COMPLETED.
[01:23:39] [Tick 0] Pos=(15, 28), Heading=NORTH, State=FAILSAFE_HOLD, Action=COMPLETED, Priority=0.0, Battery=100.0%, Waits=0
[01:23:39] [Tick 1] In FAILSAFE_HOLD (1/5 ticks). Holding position.
[01:23:40] [Tick 2] In FAILSAFE_HOLD (2/5 ticks). Holding position.
[01:23:40] [Tick 3] In FAILSAFE_HOLD (3/5 ticks). Holding position.
[01:23:41] [Tick 4] In FAILSAFE_HOLD (4/5 ticks). Holding position.
[01:23:41] [Tick 5] Recovered from failsafe/emergency stop -> IDLE.
[01:23:41] [Tick 5] REACHED DESTINATION (15, 28)! Mission COMPLETED.
[01:23:41] [Tick 5] Pos=(15, 28), Heading=NORTH, State=FAILSAFE_HOLD, Action=COMPLETED, Priority=0.0, Battery=100.0%, Waits=0
[01:23:42] [Tick 6] In FAILSAFE_HOLD (1/5 ticks). Holding position.
[01:23:42] [Tick 7] In FAILSAFE_HOLD (2/5 ticks). Holding position.
[01:23:43] [Tick 8] In FAILSAFE_HOLD (3/5 ticks). Holding position.
[01:23:43] [Tick 9] In FAILSAFE_HOLD (4/5 ticks). Holding position.
[01:23:44] [Tick 10] Recovered from failsafe/emergency stop -> IDLE.
[01:23:44] [Tick 10] REACHED DESTINATION (15, 28)! Mission COMPLETED.
[01:23:44] [Tick 10] Pos=(15, 28), Heading=NORTH, State=FAILSAFE_HOLD, Action=COMPLETED, Priority=0.0, Battery=100.0%, Waits=0
[01:23:44] [Tick 11] In FAILSAFE_HOLD (1/5 ticks). Holding position.
[01:23:45] [Tick 12] In FAILSAFE_HOLD (2/5 ticks). Holding position.
[01:23:45] [Tick 13] In FAILSAFE_HOLD (3/5 ticks). Holding position.
[01:23:46] [Tick 14] In FAILSAFE_HOLD (4/5 ticks). Holding position.
[01:23:46] [Tick 15] Recovered from failsafe/emergency stop -> IDLE.
[01:23:46] [Tick 15] REACHED DESTINATION (15, 28)! Mission COMPLETED.
[01:23:46] [Tick 15] Pos=(15, 28), Heading=NORTH, State=FAILSAFE_HOLD, Action=COMPLETED, Priority=0.0, Battery=100.0%, Waits=0
[01:23:47] [Tick 16] In FAILSAFE_HOLD (1/5 ticks). Holding position.
[01:23:47] [Tick 17] In FAILSAFE_HOLD (2/5 ticks). Holding position.
[01:23:48] [Tick 18] In FAILSAFE_HOLD (3/5 ticks). Holding position.
[01:23:48] [Tick 19] In FAILSAFE_HOLD (4/5 ticks). Holding position.
[01:23:49] [Tick 20] Recovered from failsafe/emergency stop -> IDLE.
[01:23:49] [Tick 20] REACHED DESTINATION (15, 28)! Mission COMPLETED.
[01:23:49] [Tick 20] Pos=(15, 28), Heading=NORTH, State=FAILSAFE_HOLD, Action=COMPLETED, Priority=0.0, Battery=100.0%, Waits=0
[01:23:49] [Tick 21] In FAILSAFE_HOLD (1/5 ticks). Holding position.
[01:23:50] [Tick 22] In FAILSAFE_HOLD (2/5 ticks). Holding position.
[01:23:50] [Tick 23] In FAILSAFE_HOLD (3/5 ticks). Holding position.
[01:23:51] [Tick 24] In FAILSAFE_HOLD (4/5 ticks). Holding position.
[01:23:51] [Tick 25] Recovered from failsafe/emergency stop -> IDLE.
[01:23:51] [Tick 25] REACHED DESTINATION (15, 28)! Mission COMPLETED.
[01:23:51] [Tick 25] Pos=(15, 28), Heading=NORTH, State=FAILSAFE_HOLD, Action=COMPLETED, Priority=0.0, Battery=100.0%, Waits=0
[01:23:52] [Tick 26] In FAILSAFE_HOLD (1/5 ticks). Holding position.
[01:23:52] [Tick 27] In FAILSAFE_HOLD (2/5 ticks). Holding position.
[01:23:53] [Tick 28] In FAILSAFE_HOLD (3/5 ticks). Holding position.
[01:23:53] [Tick 29] In FAILSAFE_HOLD (4/5 ticks). Holding position.
[01:23:54] [Tick 30] Recovered from failsafe/emergency stop -> IDLE.
[01:23:54] [Tick 30] REACHED DESTINATION (15, 28)! Mission COMPLETED.
[01:23:54] [Tick 30] Pos=(15, 28), Heading=NORTH, State=FAILSAFE_HOLD, Action=COMPLETED, Priority=0.0, Battery=100.0%, Waits=0
[01:23:54] [Tick 31] In FAILSAFE_HOLD (1/5 ticks). Holding position.
[01:23:55] [Tick 32] In FAILSAFE_HOLD (2/5 ticks). Holding position.
[01:23:55] [Tick 33] In FAILSAFE_HOLD (3/5 ticks). Holding position.
[01:23:56] [Tick 34] In FAILSAFE_HOLD (4/5 ticks). Holding position.
[01:23:56] [Tick 35] Recovered from failsafe/emergency stop -> IDLE.
[01:23:56] [Tick 35] REACHED DESTINATION (15, 28)! Mission COMPLETED.
[01:23:56] [Tick 35] Pos=(15, 28), Heading=NORTH, State=FAILSAFE_HOLD, Action=COMPLETED, Priority=0.0, Battery=100.0%, Waits=0
[01:23:57] [Tick 36] In FAILSAFE_HOLD (1/5 ticks). Holding position.
[01:23:57] [Tick 37] In FAILSAFE_HOLD (2/5 ticks). Holding position.
[01:23:58] [Tick 38] In FAILSAFE_HOLD (3/5 ticks). Holding position.
[01:23:58] [Tick 39] In FAILSAFE_HOLD (4/5 ticks). Holding position.
[01:23:59] [Tick 40] Recovered from failsafe/emergency stop -> IDLE.
[01:23:59] [Tick 40] REACHED DESTINATION (15, 28)! Mission COMPLETED.
[01:23:59] [Tick 40] Pos=(15, 28), Heading=NORTH, State=FAILSAFE_HOLD, Action=COMPLETED, Priority=0.0, Battery=100.0%, Waits=0
[01:23:59] [Tick 41] In FAILSAFE_HOLD (1/5 ticks). Holding position.
[01:24:00] [Tick 42] In FAILSAFE_HOLD (2/5 ticks). Holding position.
[01:24:00] [Tick 43] In FAILSAFE_HOLD (3/5 ticks). Holding position.
[01:24:01] [Tick 44] In FAILSAFE_HOLD (4/5 ticks). Holding position.
[01:24:01] [Tick 45] Recovered from failsafe/emergency stop -> IDLE.
[01:24:01] [Tick 45] Triggered background audit mission to (14, 12).
[01:24:01] [Tick 45] Degraded network throttle: pausing movement on alternate tick.
[01:24:01] [Tick 45] Pos=(15, 28), Heading=NORTH, State=AUDITING, Action=DEGRADED_SPEED_PAUSE, Priority=0.0, Battery=100.0%, Waits=0
[01:24:02] [Tick 46] Pos=(15, 27), Heading=NORTH, State=AUDITING, Action=MOVED, Priority=0.0, Battery=99.0%, Waits=0
[01:24:02] [Tick 47] Pos=(15, 26), Heading=NORTH, State=AUDITING, Action=MOVED, Priority=0.0, Battery=98.0%, Waits=0
[01:24:03] [Tick 48] Pos=(15, 25), Heading=NORTH, State=AUDITING, Action=MOVED, Priority=0.0, Battery=97.0%, Waits=0
[01:24:03] [Tick 49] Pos=(15, 24), Heading=NORTH, State=AUDITING, Action=MOVED, Priority=0.0, Battery=96.0%, Waits=0
[01:24:04] [Tick 50] Pos=(15, 23), Heading=NORTH, State=AUDITING, Action=MOVED, Priority=0.0, Battery=95.0%, Waits=0
[01:24:04] [Tick 51] Pos=(15, 22), Heading=NORTH, State=AUDITING, Action=MOVED, Priority=0.0, Battery=94.0%, Waits=0
[01:24:05] [Tick 52] Pos=(15, 21), Heading=NORTH, State=AUDITING, Action=MOVED, Priority=0.0, Battery=93.0%, Waits=0
[01:24:05] [Tick 53] Pos=(15, 21), Heading=NORTH, State=AUDITING, Action=WAITING, Priority=0.0, Battery=92.9%, Waits=1
[01:24:06] [Tick 54] Pos=(15, 21), Heading=NORTH, State=AUDITING, Action=WAITING, Priority=0.0, Battery=92.8%, Waits=2
[01:24:06] [Tick 55] Pos=(15, 21), Heading=NORTH, State=AUDITING, Action=WAITING, Priority=0.0, Battery=92.7%, Waits=3
[01:24:07] [Tick 56] Deadlock/livelock detected (3 wait ticks). Seeking alternate route/nook...
[01:24:07] [Tick 56] Alternate route found to goal (13 steps).
[01:24:07] [Tick 56] Pos=(15, 21), Heading=NORTH, State=AUDITING, Action=WAITING, Priority=0.0, Battery=92.6%, Waits=4
[01:24:07] [Tick 57] Deadlock/livelock detected (4 wait ticks). Seeking alternate route/nook...
[01:24:07] [Tick 57] Alternate route found to goal (14 steps).
[01:24:07] [Tick 57] Pos=(15, 21), Heading=NORTH, State=AUDITING, Action=WAITING, Priority=0.0, Battery=92.5%, Waits=5
[01:24:08] [Tick 58] Deadlock/livelock detected (5 wait ticks). Seeking alternate route/nook...
[01:24:08] [Tick 58] Alternate route found to goal (15 steps).
[01:24:08] [Tick 58] Pos=(15, 21), Heading=NORTH, State=AUDITING, Action=WAITING, Priority=0.0, Battery=92.4%, Waits=6
[01:24:08] [Tick 59] Deadlock/livelock detected (6 wait ticks). Seeking alternate route/nook...
[01:24:08] [Tick 59] Alternate route found to goal (16 steps).
[01:24:08] [Tick 59] Pos=(15, 21), Heading=NORTH, State=AUDITING, Action=WAITING, Priority=0.0, Battery=92.3%, Waits=7
[01:24:09] [Tick 60] Deadlock/livelock detected (7 wait ticks). Seeking alternate route/nook...
[01:24:09] [Tick 60] Alternate route found to goal (13 steps).
[01:24:09] [Tick 60] Pos=(15, 21), Heading=NORTH, State=AUDITING, Action=WAITING, Priority=0.0, Battery=92.2%, Waits=8
[01:24:09] [Tick 61] Deadlock/livelock detected (8 wait ticks). Seeking alternate route/nook...
[01:24:09] [Tick 61] Alternate route found to goal (14 steps).
[01:24:09] [Tick 61] Pos=(15, 21), Heading=NORTH, State=AUDITING, Action=WAITING, Priority=0.0, Battery=92.1%, Waits=9
[01:24:10] [Tick 62] Deadlock/livelock detected (9 wait ticks). Seeking alternate route/nook...
[01:24:10] [Tick 62] Alternate route found to goal (15 steps).
[01:24:10] [Tick 62] Pos=(15, 21), Heading=NORTH, State=AUDITING, Action=WAITING, Priority=0.0, Battery=92.0%, Waits=10
[01:24:10] [Tick 63] Deadlock/livelock detected (10 wait ticks). Seeking alternate route/nook...
[01:24:10] [Tick 63] Alternate route found to goal (16 steps).
[01:24:10] [Tick 63] Pos=(15, 21), Heading=NORTH, State=AUDITING, Action=WAITING, Priority=0.0, Battery=91.9%, Waits=11
[01:24:11] [Tick 64] Deadlock/livelock detected (11 wait ticks). Seeking alternate route/nook...
[01:24:11] [Tick 64] Alternate route found to goal (13 steps).
[01:24:11] [Tick 64] Pos=(15, 21), Heading=NORTH, State=AUDITING, Action=WAITING, Priority=0.0, Battery=91.8%, Waits=12
[01:24:11] [Tick 65] Deadlock/livelock detected (12 wait ticks). Seeking alternate route/nook...
[01:24:11] [Tick 65] Alternate route found to goal (14 steps).
[01:24:11] [Tick 65] Pos=(15, 21), Heading=NORTH, State=AUDITING, Action=WAITING, Priority=0.0, Battery=91.7%, Waits=13
[01:24:12] [Tick 66] Deadlock/livelock detected (13 wait ticks). Seeking alternate route/nook...
[01:24:12] [Tick 66] Alternate route found to goal (15 steps).
[01:24:12] [Tick 66] Pos=(15, 21), Heading=NORTH, State=AUDITING, Action=WAITING, Priority=0.0, Battery=91.6%, Waits=14
[01:24:12] [Tick 67] Deadlock/livelock detected (14 wait ticks). Seeking alternate route/nook...
[01:24:12] [Tick 67] Alternate route found to goal (16 steps).
[01:24:12] [Tick 67] Pos=(15, 21), Heading=NORTH, State=AUDITING, Action=WAITING, Priority=0.0, Battery=91.5%, Waits=15
[01:24:13] [Tick 68] Deadlock/livelock detected (15 wait ticks). Seeking alternate route/nook...
[01:24:13] [Tick 68] Alternate route found to goal (13 steps).
[01:24:13] [Tick 68] Pos=(15, 21), Heading=NORTH, State=AUDITING, Action=WAITING, Priority=0.0, Battery=91.4%, Waits=16
[01:24:13] [Tick 69] Deadlock/livelock detected (16 wait ticks). Seeking alternate route/nook...
[01:24:13] [Tick 69] Alternate route found to goal (14 steps).
[01:24:13] [Tick 69] Pos=(15, 21), Heading=NORTH, State=AUDITING, Action=WAITING, Priority=0.0, Battery=91.3%, Waits=17
[01:24:14] [Tick 70] Deadlock/livelock detected (17 wait ticks). Seeking alternate route/nook...
[01:24:14] [Tick 70] Alternate route found to goal (15 steps).
[01:24:14] [Tick 70] Pos=(15, 21), Heading=NORTH, State=AUDITING, Action=WAITING, Priority=0.0, Battery=91.2%, Waits=18
[01:24:14] [Tick 71] Deadlock/livelock detected (18 wait ticks). Seeking alternate route/nook...
[01:24:14] [Tick 71] Alternate route found to goal (16 steps).
[01:24:14] [Tick 71] Pos=(15, 21), Heading=NORTH, State=AUDITING, Action=WAITING, Priority=0.0, Battery=91.1%, Waits=19
[01:24:15] [Tick 72] Deadlock/livelock detected (19 wait ticks). Seeking alternate route/nook...
[01:24:15] [Tick 72] Alternate route found to goal (13 steps).
[01:24:15] [Tick 72] Pos=(15, 21), Heading=NORTH, State=AUDITING, Action=WAITING, Priority=0.0, Battery=91.0%, Waits=20
[01:24:15] [Tick 73] Deadlock/livelock detected (20 wait ticks). Seeking alternate route/nook...
[01:24:15] [Tick 73] Alternate route found to goal (14 steps).
[01:24:15] [Tick 73] Pos=(15, 21), Heading=NORTH, State=AUDITING, Action=WAITING, Priority=0.0, Battery=90.9%, Waits=21
[01:24:16] [Tick 74] Deadlock/livelock detected (21 wait ticks). Seeking alternate route/nook...
[01:24:16] [Tick 74] Alternate route found to goal (13 steps).
[01:24:16] [Tick 74] Pos=(15, 21), Heading=NORTH, State=AUDITING, Action=WAITING, Priority=0.0, Battery=90.8%, Waits=22
[01:24:16] [Tick 75] Deadlock/livelock detected (22 wait ticks). Seeking alternate route/nook...
[01:24:16] [Tick 75] Alternate route found to goal (16 steps).
[01:24:16] [Tick 75] Pos=(15, 21), Heading=NORTH, State=AUDITING, Action=WAITING, Priority=0.0, Battery=90.7%, Waits=23
[01:24:17] [Tick 76] Deadlock/livelock detected (23 wait ticks). Seeking alternate route/nook...
[01:24:17] [Tick 76] Alternate route found to goal (15 steps).
[01:24:17] [Tick 76] Pos=(15, 21), Heading=NORTH, State=AUDITING, Action=WAITING, Priority=0.0, Battery=90.6%, Waits=24
[01:24:17] [Tick 77] Deadlock/livelock detected (24 wait ticks). Seeking alternate route/nook...
[01:24:17] [Tick 77] Alternate route found to goal (13 steps).
[01:24:17] [Tick 77] Pos=(15, 21), Heading=NORTH, State=AUDITING, Action=WAITING, Priority=0.0, Battery=90.5%, Waits=25
[01:24:18] [Tick 78] Deadlock/livelock detected (25 wait ticks). Seeking alternate route/nook...
[01:24:18] [Tick 78] Alternate route found to goal (16 steps).
[01:24:18] [Tick 78] Pos=(15, 21), Heading=NORTH, State=AUDITING, Action=WAITING, Priority=0.0, Battery=90.4%, Waits=26
[01:24:18] [Tick 79] Deadlock/livelock detected (26 wait ticks). Seeking alternate route/nook...
[01:24:18] [Tick 79] Alternate route found to goal (15 steps).
[01:24:18] [Tick 79] Pos=(15, 21), Heading=NORTH, State=AUDITING, Action=WAITING, Priority=0.0, Battery=90.3%, Waits=27
[01:24:19] [Tick 80] Deadlock/livelock detected (27 wait ticks). Seeking alternate route/nook...
[01:24:19] [Tick 80] Alternate route found to goal (13 steps).
[01:24:19] [Tick 80] Pos=(15, 21), Heading=NORTH, State=AUDITING, Action=WAITING, Priority=0.0, Battery=90.2%, Waits=28
[01:24:19] [Tick 81] Deadlock/livelock detected (28 wait ticks). Seeking alternate route/nook...
[01:24:19] [Tick 81] Alternate route found to goal (16 steps).
[01:24:19] [Tick 81] Pos=(15, 21), Heading=NORTH, State=AUDITING, Action=WAITING, Priority=0.0, Battery=90.1%, Waits=29
[01:24:20] [Tick 82] Deadlock/livelock detected (29 wait ticks). Seeking alternate route/nook...
[01:24:20] [Tick 82] Alternate route found to goal (15 steps).
[01:24:20] [Tick 82] Pos=(15, 21), Heading=NORTH, State=AUDITING, Action=WAITING, Priority=0.0, Battery=90.0%, Waits=30
[01:24:20] [Tick 83] Deadlock/livelock detected (30 wait ticks). Seeking alternate route/nook...
[01:24:20] [Tick 83] Alternate route found to goal (13 steps).
[01:24:20] [Tick 83] Pos=(15, 21), Heading=NORTH, State=AUDITING, Action=WAITING, Priority=0.0, Battery=89.9%, Waits=31
[01:24:21] [Tick 84] Deadlock/livelock detected (31 wait ticks). Seeking alternate route/nook...
[01:24:21] [Tick 84] Alternate route found to goal (16 steps).
[01:24:21] [Tick 84] Pos=(15, 21), Heading=NORTH, State=AUDITING, Action=WAITING, Priority=0.0, Battery=89.8%, Waits=32
[01:24:21] [Tick 85] Deadlock/livelock detected (32 wait ticks). Seeking alternate route/nook...
[01:24:21] [Tick 85] Alternate route found to goal (15 steps).
[01:24:21] [Tick 85] Pos=(15, 21), Heading=NORTH, State=AUDITING, Action=WAITING, Priority=0.0, Battery=89.7%, Waits=33
[01:24:22] [Tick 86] Deadlock/livelock detected (33 wait ticks). Seeking alternate route/nook...
[01:24:22] [Tick 86] Alternate route found to goal (13 steps).
[01:24:22] [Tick 86] Pos=(15, 21), Heading=NORTH, State=AUDITING, Action=WAITING, Priority=0.0, Battery=89.6%, Waits=34
[01:24:22] [Tick 87] Deadlock/livelock detected (34 wait ticks). Seeking alternate route/nook...
[01:24:22] [Tick 87] Alternate route found to goal (16 steps).
[01:24:22] [Tick 87] Pos=(15, 21), Heading=NORTH, State=AUDITING, Action=WAITING, Priority=0.0, Battery=89.5%, Waits=35
[01:24:23] [Tick 88] Deadlock/livelock detected (35 wait ticks). Seeking alternate route/nook...
[01:24:23] [Tick 88] Alternate route found to goal (15 steps).
[01:24:23] [Tick 88] Pos=(15, 21), Heading=NORTH, State=AUDITING, Action=WAITING, Priority=0.0, Battery=89.4%, Waits=36
[01:24:23] [Tick 89] Deadlock/livelock detected (36 wait ticks). Seeking alternate route/nook...
[01:24:23] [Tick 89] Alternate route found to goal (13 steps).
[01:24:23] [Tick 89] Pos=(15, 21), Heading=NORTH, State=AUDITING, Action=WAITING, Priority=0.0, Battery=89.3%, Waits=37
[01:24:24] [Tick 90] Deadlock/livelock detected (37 wait ticks). Seeking alternate route/nook...
[01:24:24] [Tick 90] Alternate route found to goal (16 steps).
[01:24:24] [Tick 90] Pos=(15, 21), Heading=NORTH, State=AUDITING, Action=WAITING, Priority=0.0, Battery=89.2%, Waits=38
[01:24:24] [Tick 91] Deadlock/livelock detected (38 wait ticks). Seeking alternate route/nook...
[01:24:24] [Tick 91] Alternate route found to goal (15 steps).
[01:24:24] [Tick 91] Pos=(15, 21), Heading=NORTH, State=AUDITING, Action=WAITING, Priority=0.0, Battery=89.1%, Waits=39
[01:24:25] [Tick 92] Deadlock/livelock detected (39 wait ticks). Seeking alternate route/nook...
[01:24:25] [Tick 92] Alternate route found to goal (13 steps).
[01:24:25] [Tick 92] Pos=(15, 21), Heading=NORTH, State=AUDITING, Action=WAITING, Priority=0.0, Battery=89.0%, Waits=40
[01:24:25] [Tick 93] Deadlock/livelock detected (40 wait ticks). Seeking alternate route/nook...
[01:24:25] [Tick 93] Alternate route found to goal (16 steps).
[01:24:25] [Tick 93] Pos=(15, 21), Heading=NORTH, State=AUDITING, Action=WAITING, Priority=0.0, Battery=88.9%, Waits=41
[01:24:26] [Tick 94] Deadlock/livelock detected (41 wait ticks). Seeking alternate route/nook...
[01:24:26] [Tick 94] Alternate route found to goal (15 steps).
[01:24:26] [Tick 94] Pos=(15, 21), Heading=NORTH, State=AUDITING, Action=WAITING, Priority=0.0, Battery=88.8%, Waits=42
[01:24:26] [Tick 95] Deadlock/livelock detected (42 wait ticks). Seeking alternate route/nook...
[01:24:26] [Tick 95] Alternate route found to goal (13 steps).
[01:24:26] [Tick 95] Pos=(15, 21), Heading=NORTH, State=AUDITING, Action=WAITING, Priority=0.0, Battery=88.7%, Waits=43
[01:24:27] [Tick 96] Deadlock/livelock detected (43 wait ticks). Seeking alternate route/nook...
[01:24:27] [Tick 96] Alternate route found to goal (16 steps).
[01:24:27] [Tick 96] Pos=(15, 21), Heading=NORTH, State=AUDITING, Action=WAITING, Priority=0.0, Battery=88.6%, Waits=44
[01:24:27] [Tick 97] Deadlock/livelock detected (44 wait ticks). Seeking alternate route/nook...
[01:24:27] [Tick 97] Alternate route found to goal (15 steps).
[01:24:27] [Tick 97] Pos=(15, 21), Heading=NORTH, State=AUDITING, Action=WAITING, Priority=0.0, Battery=88.5%, Waits=45
[01:24:28] [Tick 98] Deadlock/livelock detected (45 wait ticks). Seeking alternate route/nook...
[01:24:28] [Tick 98] Alternate route found to goal (13 steps).
[01:24:28] [Tick 98] Pos=(15, 21), Heading=NORTH, State=AUDITING, Action=WAITING, Priority=0.0, Battery=88.4%, Waits=46
[01:24:28] [Tick 99] Deadlock/livelock detected (46 wait ticks). Seeking alternate route/nook...
[01:24:28] [Tick 99] Alternate route found to goal (16 steps).
[01:24:28] [Tick 99] Pos=(15, 21), Heading=NORTH, State=AUDITING, Action=WAITING, Priority=0.0, Battery=88.3%, Waits=47
[01:24:29] [Tick 100] Deadlock/livelock detected (47 wait ticks). Seeking alternate route/nook...
[01:24:29] [Tick 100] Alternate route found to goal (15 steps).
[01:24:29] [Tick 100] Pos=(15, 21), Heading=NORTH, State=AUDITING, Action=WAITING, Priority=0.0, Battery=88.2%, Waits=48
[01:24:29] [Tick 101] Deadlock/livelock detected (48 wait ticks). Seeking alternate route/nook...
[01:24:29] [Tick 101] Alternate route found to goal (13 steps).
[01:24:29] [Tick 101] Pos=(15, 21), Heading=NORTH, State=AUDITING, Action=WAITING, Priority=0.0, Battery=88.1%, Waits=49
[01:24:30] [Tick 102] Deadlock/livelock detected (49 wait ticks). Seeking alternate route/nook...
[01:24:30] [Tick 102] Alternate route found to goal (16 steps).
[01:24:30] [Tick 102] Pos=(15, 21), Heading=NORTH, State=AUDITING, Action=WAITING, Priority=0.0, Battery=88.0%, Waits=50
[01:24:30] [Tick 103] Deadlock/livelock detected (50 wait ticks). Seeking alternate route/nook...
[01:24:30] [Tick 103] Alternate route found to goal (15 steps).
[01:24:30] [Tick 103] Pos=(15, 21), Heading=NORTH, State=AUDITING, Action=WAITING, Priority=0.0, Battery=87.9%, Waits=51
[01:24:31] [Tick 104] Deadlock/livelock detected (51 wait ticks). Seeking alternate route/nook...
[01:24:31] [Tick 104] Alternate route found to goal (13 steps).
[01:24:31] [Tick 104] Pos=(15, 21), Heading=NORTH, State=AUDITING, Action=WAITING, Priority=0.0, Battery=87.8%, Waits=52
[01:24:31] [Tick 105] Deadlock/livelock detected (52 wait ticks). Seeking alternate route/nook...
[01:24:31] [Tick 105] Alternate route found to goal (16 steps).
[01:24:31] [Tick 105] Pos=(15, 21), Heading=NORTH, State=AUDITING, Action=WAITING, Priority=0.0, Battery=87.7%, Waits=53
[01:24:32] [Tick 106] Deadlock/livelock detected (53 wait ticks). Seeking alternate route/nook...
[01:24:32] [Tick 106] Alternate route found to goal (15 steps).
[01:24:32] [Tick 106] Pos=(15, 21), Heading=NORTH, State=AUDITING, Action=WAITING, Priority=0.0, Battery=87.6%, Waits=54
[01:24:32] [Tick 107] Deadlock/livelock detected (54 wait ticks). Seeking alternate route/nook...
[01:24:32] [Tick 107] Alternate route found to goal (13 steps).
[01:24:32] [Tick 107] Pos=(15, 21), Heading=NORTH, State=AUDITING, Action=WAITING, Priority=0.0, Battery=87.5%, Waits=55
[01:24:33] [Tick 108] Deadlock/livelock detected (55 wait ticks). Seeking alternate route/nook...
[01:24:33] [Tick 108] Alternate route found to goal (16 steps).
[01:24:33] [Tick 108] Pos=(15, 21), Heading=NORTH, State=AUDITING, Action=WAITING, Priority=0.0, Battery=87.4%, Waits=56
[01:24:33] [Tick 109] Deadlock/livelock detected (56 wait ticks). Seeking alternate route/nook...
[01:24:33] [Tick 109] Alternate route found to goal (15 steps).
[01:24:33] [Tick 109] Pos=(15, 21), Heading=NORTH, State=AUDITING, Action=WAITING, Priority=0.0, Battery=87.3%, Waits=57
[01:24:34] [Tick 110] Deadlock/livelock detected (57 wait ticks). Seeking alternate route/nook...
[01:24:34] [Tick 110] Alternate route found to goal (13 steps).
[01:24:34] [Tick 110] Pos=(15, 21), Heading=NORTH, State=AUDITING, Action=WAITING, Priority=0.0, Battery=87.2%, Waits=58
[01:24:34] [Tick 111] Deadlock/livelock detected (58 wait ticks). Seeking alternate route/nook...
[01:24:34] [Tick 111] Alternate route found to goal (16 steps).
[01:24:34] [Tick 111] Pos=(15, 21), Heading=NORTH, State=AUDITING, Action=WAITING, Priority=0.0, Battery=87.1%, Waits=59
[01:24:35] [Tick 112] Deadlock/livelock detected (59 wait ticks). Seeking alternate route/nook...
[01:24:35] [Tick 112] Alternate route found to goal (15 steps).
[01:24:35] [Tick 112] Pos=(15, 21), Heading=NORTH, State=AUDITING, Action=WAITING, Priority=0.0, Battery=87.0%, Waits=60
[01:24:35] [Tick 113] Deadlock/livelock detected (60 wait ticks). Seeking alternate route/nook...
[01:24:35] [Tick 113] Alternate route found to goal (13 steps).
[01:24:35] [Tick 113] Pos=(15, 21), Heading=NORTH, State=AUDITING, Action=WAITING, Priority=0.0, Battery=86.9%, Waits=61
[01:24:36] [Tick 114] Deadlock/livelock detected (61 wait ticks). Seeking alternate route/nook...
[01:24:36] [Tick 114] Alternate route found to goal (16 steps).
[01:24:36] [Tick 114] Pos=(15, 21), Heading=NORTH, State=AUDITING, Action=WAITING, Priority=0.0, Battery=86.8%, Waits=62
[01:24:36] [Tick 115] Deadlock/livelock detected (62 wait ticks). Seeking alternate route/nook...
[01:24:36] [Tick 115] Alternate route found to goal (15 steps).
[01:24:36] [Tick 115] Pos=(15, 21), Heading=NORTH, State=AUDITING, Action=WAITING, Priority=0.0, Battery=86.7%, Waits=63
[01:24:37] [Tick 116] Deadlock/livelock detected (63 wait ticks). Seeking alternate route/nook...
[01:24:37] [Tick 116] Alternate route found to goal (13 steps).
[01:24:37] [Tick 116] Pos=(15, 21), Heading=NORTH, State=AUDITING, Action=WAITING, Priority=0.0, Battery=86.6%, Waits=64
[01:24:37] [Tick 117] Deadlock/livelock detected (64 wait ticks). Seeking alternate route/nook...
[01:24:37] [Tick 117] Alternate route found to goal (16 steps).
[01:24:37] [Tick 117] Pos=(15, 21), Heading=NORTH, State=AUDITING, Action=WAITING, Priority=0.0, Battery=86.5%, Waits=65
[01:24:38] [Tick 118] Deadlock/livelock detected (65 wait ticks). Seeking alternate route/nook...
[01:24:38] [Tick 118] Alternate route found to goal (15 steps).
[01:24:38] [Tick 118] Pos=(15, 21), Heading=NORTH, State=AUDITING, Action=WAITING, Priority=0.0, Battery=86.4%, Waits=66
[01:24:38] [Tick 119] Deadlock/livelock detected (66 wait ticks). Seeking alternate route/nook...
[01:24:38] [Tick 119] Alternate route found to goal (13 steps).
[01:24:38] [Tick 119] Pos=(15, 21), Heading=NORTH, State=AUDITING, Action=WAITING, Priority=0.0, Battery=86.3%, Waits=67
[01:24:39] [Tick 120] Deadlock/livelock detected (67 wait ticks). Seeking alternate route/nook...
[01:24:39] [Tick 120] Alternate route found to goal (16 steps).
[01:24:39] [Tick 120] Pos=(15, 21), Heading=NORTH, State=AUDITING, Action=WAITING, Priority=0.0, Battery=86.2%, Waits=68
[01:24:39] [Tick 121] Deadlock/livelock detected (68 wait ticks). Seeking alternate route/nook...
[01:24:39] [Tick 121] Alternate route found to goal (15 steps).
[01:24:39] [Tick 121] Pos=(15, 21), Heading=NORTH, State=AUDITING, Action=WAITING, Priority=0.0, Battery=86.1%, Waits=69
[01:24:40] [Tick 122] Deadlock/livelock detected (69 wait ticks). Seeking alternate route/nook...
[01:24:40] [Tick 122] Alternate route found to goal (13 steps).
[01:24:40] [Tick 122] Pos=(15, 21), Heading=NORTH, State=AUDITING, Action=WAITING, Priority=0.0, Battery=86.0%, Waits=70
[01:24:40] [Tick 123] Deadlock/livelock detected (70 wait ticks). Seeking alternate route/nook...
[01:24:40] [Tick 123] Alternate route found to goal (16 steps).
[01:24:40] [Tick 123] Pos=(15, 21), Heading=NORTH, State=AUDITING, Action=WAITING, Priority=0.0, Battery=85.9%, Waits=71
[01:24:41] [Tick 124] Deadlock/livelock detected (71 wait ticks). Seeking alternate route/nook...
[01:24:41] [Tick 124] Alternate route found to goal (15 steps).
[01:24:41] [Tick 124] Pos=(15, 21), Heading=NORTH, State=AUDITING, Action=WAITING, Priority=0.0, Battery=85.8%, Waits=72
[01:24:41] [Tick 125] Deadlock/livelock detected (72 wait ticks). Seeking alternate route/nook...
[01:24:41] [Tick 125] Alternate route found to goal (13 steps).
[01:24:41] [Tick 125] Pos=(15, 21), Heading=NORTH, State=AUDITING, Action=WAITING, Priority=0.0, Battery=85.7%, Waits=73
[01:24:42] [Tick 126] Deadlock/livelock detected (73 wait ticks). Seeking alternate route/nook...
[01:24:42] [Tick 126] Alternate route found to goal (16 steps).
[01:24:42] [Tick 126] Pos=(15, 21), Heading=NORTH, State=AUDITING, Action=WAITING, Priority=0.0, Battery=85.6%, Waits=74
[01:24:42] [Tick 127] Deadlock/livelock detected (74 wait ticks). Seeking alternate route/nook...
[01:24:42] [Tick 127] Alternate route found to goal (15 steps).
[01:24:42] [Tick 127] Pos=(15, 21), Heading=NORTH, State=AUDITING, Action=WAITING, Priority=0.0, Battery=85.5%, Waits=75
[01:24:43] [Tick 128] Deadlock/livelock detected (75 wait ticks). Seeking alternate route/nook...
[01:24:43] [Tick 128] Alternate route found to goal (13 steps).
[01:24:43] [Tick 128] Pos=(15, 21), Heading=NORTH, State=AUDITING, Action=WAITING, Priority=0.0, Battery=85.4%, Waits=76
[01:24:43] [Tick 129] Deadlock/livelock detected (76 wait ticks). Seeking alternate route/nook...
[01:24:43] [Tick 129] Alternate route found to goal (16 steps).
[01:24:43] [Tick 129] Pos=(15, 21), Heading=NORTH, State=AUDITING, Action=WAITING, Priority=0.0, Battery=85.3%, Waits=77
[01:24:44] [Tick 130] Deadlock/livelock detected (77 wait ticks). Seeking alternate route/nook...
[01:24:44] [Tick 130] Alternate route found to goal (15 steps).
[01:24:44] [Tick 130] Pos=(15, 21), Heading=NORTH, State=AUDITING, Action=WAITING, Priority=0.0, Battery=85.2%, Waits=78
[01:24:44] [Tick 131] Deadlock/livelock detected (78 wait ticks). Seeking alternate route/nook...
[01:24:44] [Tick 131] Alternate route found to goal (13 steps).
[01:24:44] [Tick 131] Pos=(15, 21), Heading=NORTH, State=AUDITING, Action=WAITING, Priority=0.0, Battery=85.1%, Waits=79
[01:24:45] [Tick 132] Deadlock/livelock detected (79 wait ticks). Seeking alternate route/nook...
[01:24:45] [Tick 132] Alternate route found to goal (16 steps).
[01:24:45] [Tick 132] Pos=(15, 21), Heading=NORTH, State=AUDITING, Action=WAITING, Priority=0.0, Battery=85.0%, Waits=80
[01:24:45] [Tick 133] Deadlock/livelock detected (80 wait ticks). Seeking alternate route/nook...
[01:24:45] [Tick 133] Alternate route found to goal (15 steps).
[01:24:45] [Tick 133] Pos=(15, 21), Heading=NORTH, State=AUDITING, Action=WAITING, Priority=0.0, Battery=84.9%, Waits=81
[01:24:46] [Tick 134] Deadlock/livelock detected (81 wait ticks). Seeking alternate route/nook...
[01:24:46] [Tick 134] Alternate route found to goal (13 steps).
[01:24:46] [Tick 134] Pos=(15, 21), Heading=NORTH, State=AUDITING, Action=WAITING, Priority=0.0, Battery=84.8%, Waits=82
[01:24:46] [Tick 135] Deadlock/livelock detected (82 wait ticks). Seeking alternate route/nook...
[01:24:46] [Tick 135] Alternate route found to goal (16 steps).
[01:24:46] [Tick 135] Pos=(15, 21), Heading=NORTH, State=AUDITING, Action=WAITING, Priority=0.0, Battery=84.7%, Waits=83
[01:24:47] [Tick 136] Deadlock/livelock detected (83 wait ticks). Seeking alternate route/nook...
[01:24:47] [Tick 136] Alternate route found to goal (15 steps).
[01:24:47] [Tick 136] Pos=(15, 21), Heading=NORTH, State=AUDITING, Action=WAITING, Priority=0.0, Battery=84.6%, Waits=84
[01:24:47] [Tick 137] Deadlock/livelock detected (84 wait ticks). Seeking alternate route/nook...
[01:24:47] [Tick 137] Alternate route found to goal (13 steps).
[01:24:47] [Tick 137] Pos=(15, 21), Heading=NORTH, State=AUDITING, Action=WAITING, Priority=0.0, Battery=84.5%, Waits=85
[01:24:48] [Tick 138] Deadlock/livelock detected (85 wait ticks). Seeking alternate route/nook...
[01:24:48] [Tick 138] Alternate route found to goal (16 steps).
[01:24:48] [Tick 138] Pos=(15, 21), Heading=NORTH, State=AUDITING, Action=WAITING, Priority=0.0, Battery=84.4%, Waits=86
[01:24:48] [Tick 139] Deadlock/livelock detected (86 wait ticks). Seeking alternate route/nook...
[01:24:48] [Tick 139] Alternate route found to goal (15 steps).
[01:24:48] [Tick 139] Pos=(15, 21), Heading=NORTH, State=AUDITING, Action=WAITING, Priority=0.0, Battery=84.3%, Waits=87
[01:24:49] [Tick 140] Deadlock/livelock detected (87 wait ticks). Seeking alternate route/nook...
[01:24:49] [Tick 140] Alternate route found to goal (13 steps).
[01:24:49] [Tick 140] Pos=(15, 21), Heading=NORTH, State=AUDITING, Action=WAITING, Priority=0.0, Battery=84.2%, Waits=88
[01:24:49] [Tick 141] Deadlock/livelock detected (88 wait ticks). Seeking alternate route/nook...
[01:24:49] [Tick 141] Alternate route found to goal (16 steps).
[01:24:49] [Tick 141] Pos=(15, 21), Heading=NORTH, State=AUDITING, Action=WAITING, Priority=0.0, Battery=84.1%, Waits=89
[01:24:50] [Tick 142] Deadlock/livelock detected (89 wait ticks). Seeking alternate route/nook...
[01:24:50] [Tick 142] Alternate route found to goal (15 steps).
[01:24:50] [Tick 142] Pos=(15, 21), Heading=NORTH, State=AUDITING, Action=WAITING, Priority=0.0, Battery=84.0%, Waits=90
[01:24:50] [Tick 143] Deadlock/livelock detected (90 wait ticks). Seeking alternate route/nook...
[01:24:50] [Tick 143] Alternate route found to goal (13 steps).
[01:24:50] [Tick 143] Pos=(15, 21), Heading=NORTH, State=AUDITING, Action=WAITING, Priority=0.0, Battery=83.9%, Waits=91
[01:24:51] [Tick 144] Deadlock/livelock detected (91 wait ticks). Seeking alternate route/nook...
[01:24:51] [Tick 144] Alternate route found to goal (16 steps).
[01:24:51] [Tick 144] Pos=(15, 21), Heading=NORTH, State=AUDITING, Action=WAITING, Priority=0.0, Battery=83.8%, Waits=92
[01:24:51] [Tick 145] Deadlock/livelock detected (92 wait ticks). Seeking alternate route/nook...
[01:24:51] [Tick 145] Alternate route found to goal (15 steps).
[01:24:51] [Tick 145] Pos=(15, 21), Heading=NORTH, State=AUDITING, Action=WAITING, Priority=0.0, Battery=83.7%, Waits=93
[01:24:52] [Tick 146] Deadlock/livelock detected (93 wait ticks). Seeking alternate route/nook...
[01:24:52] [Tick 146] Alternate route found to goal (13 steps).
[01:24:52] [Tick 146] Pos=(15, 21), Heading=NORTH, State=AUDITING, Action=WAITING, Priority=0.0, Battery=83.6%, Waits=94
[01:24:52] [Tick 147] Deadlock/livelock detected (94 wait ticks). Seeking alternate route/nook...
[01:24:52] [Tick 147] Alternate route found to goal (16 steps).
[01:24:52] [Tick 147] Pos=(15, 21), Heading=NORTH, State=AUDITING, Action=WAITING, Priority=0.0, Battery=83.5%, Waits=95
[01:24:53] [Tick 148] Deadlock/livelock detected (95 wait ticks). Seeking alternate route/nook...
[01:24:53] [Tick 148] Alternate route found to goal (15 steps).
[01:24:53] [Tick 148] Pos=(15, 21), Heading=NORTH, State=AUDITING, Action=WAITING, Priority=0.0, Battery=83.4%, Waits=96
[01:24:53] [Tick 149] Deadlock/livelock detected (96 wait ticks). Seeking alternate route/nook...
[01:24:53] [Tick 149] Alternate route found to goal (13 steps).
[01:24:53] [Tick 149] Pos=(15, 21), Heading=NORTH, State=AUDITING, Action=WAITING, Priority=0.0, Battery=83.3%, Waits=97
[01:24:54] [Tick 150] Deadlock/livelock detected (97 wait ticks). Seeking alternate route/nook...
[01:24:54] [Tick 150] Alternate route found to goal (16 steps).
[01:24:54] [Tick 150] Pos=(15, 21), Heading=NORTH, State=AUDITING, Action=WAITING, Priority=0.0, Battery=83.2%, Waits=98
[01:24:54] [Tick 151] Deadlock/livelock detected (98 wait ticks). Seeking alternate route/nook...
[01:24:54] [Tick 151] Alternate route found to goal (15 steps).
[01:24:54] [Tick 151] Pos=(15, 21), Heading=NORTH, State=AUDITING, Action=WAITING, Priority=0.0, Battery=83.1%, Waits=99
[01:24:55] [Tick 152] Deadlock/livelock detected (99 wait ticks). Seeking alternate route/nook...
[01:24:55] [Tick 152] Alternate route found to goal (13 steps).
[01:24:55] [Tick 152] Pos=(15, 21), Heading=NORTH, State=AUDITING, Action=WAITING, Priority=0.0, Battery=83.0%, Waits=100
[01:24:55] [Tick 153] Deadlock/livelock detected (100 wait ticks). Seeking alternate route/nook...
[01:24:55] [Tick 153] Alternate route found to goal (16 steps).
[01:24:55] [Tick 153] Pos=(15, 21), Heading=NORTH, State=AUDITING, Action=WAITING, Priority=0.0, Battery=82.9%, Waits=101
[01:24:56] [Tick 154] Deadlock/livelock detected (101 wait ticks). Seeking alternate route/nook...
[01:24:56] [Tick 154] Alternate route found to goal (15 steps).
[01:24:56] [Tick 154] Pos=(15, 21), Heading=NORTH, State=AUDITING, Action=WAITING, Priority=0.0, Battery=82.8%, Waits=102
[01:24:56] [Tick 155] Deadlock/livelock detected (102 wait ticks). Seeking alternate route/nook...
[01:24:56] [Tick 155] Alternate route found to goal (13 steps).
[01:24:56] [Tick 155] Pos=(15, 21), Heading=NORTH, State=AUDITING, Action=WAITING, Priority=0.0, Battery=82.7%, Waits=103
[01:24:57] [Tick 156] Deadlock/livelock detected (103 wait ticks). Seeking alternate route/nook...
[01:24:57] [Tick 156] Alternate route found to goal (16 steps).
[01:24:57] [Tick 156] Pos=(15, 21), Heading=NORTH, State=AUDITING, Action=WAITING, Priority=0.0, Battery=82.6%, Waits=104
[01:24:57] [Tick 157] Deadlock/livelock detected (104 wait ticks). Seeking alternate route/nook...
[01:24:57] [Tick 157] Alternate route found to goal (15 steps).
[01:24:57] [Tick 157] Pos=(15, 21), Heading=NORTH, State=AUDITING, Action=WAITING, Priority=0.0, Battery=82.5%, Waits=105
[01:24:58] [Tick 158] Deadlock/livelock detected (105 wait ticks). Seeking alternate route/nook...
[01:24:58] [Tick 158] Alternate route found to goal (13 steps).
[01:24:58] [Tick 158] Pos=(15, 21), Heading=NORTH, State=AUDITING, Action=WAITING, Priority=0.0, Battery=82.4%, Waits=106
[01:24:58] [Tick 159] Deadlock/livelock detected (106 wait ticks). Seeking alternate route/nook...
[01:24:58] [Tick 159] Alternate route found to goal (16 steps).
[01:24:58] [Tick 159] Pos=(15, 21), Heading=NORTH, State=AUDITING, Action=WAITING, Priority=0.0, Battery=82.3%, Waits=107
[01:24:59] [Tick 160] Deadlock/livelock detected (107 wait ticks). Seeking alternate route/nook...
[01:24:59] [Tick 160] Alternate route found to goal (15 steps).
[01:24:59] [Tick 160] Pos=(15, 21), Heading=NORTH, State=AUDITING, Action=WAITING, Priority=0.0, Battery=82.2%, Waits=108
[01:24:59] [Tick 161] Deadlock/livelock detected (108 wait ticks). Seeking alternate route/nook...
[01:24:59] [Tick 161] Alternate route found to goal (13 steps).
[01:24:59] [Tick 161] Pos=(15, 21), Heading=NORTH, State=AUDITING, Action=WAITING, Priority=0.0, Battery=82.1%, Waits=109
[01:25:00] [Tick 162] Deadlock/livelock detected (109 wait ticks). Seeking alternate route/nook...
[01:25:00] [Tick 162] Alternate route found to goal (16 steps).
[01:25:00] [Tick 162] Pos=(15, 21), Heading=NORTH, State=AUDITING, Action=WAITING, Priority=0.0, Battery=82.0%, Waits=110
[01:25:00] [Tick 163] Deadlock/livelock detected (110 wait ticks). Seeking alternate route/nook...
[01:25:00] [Tick 163] Alternate route found to goal (15 steps).
[01:25:00] [Tick 163] Pos=(15, 21), Heading=NORTH, State=AUDITING, Action=WAITING, Priority=0.0, Battery=81.9%, Waits=111
[01:25:01] [Tick 164] Deadlock/livelock detected (111 wait ticks). Seeking alternate route/nook...
[01:25:01] [Tick 164] Alternate route found to goal (13 steps).
[01:25:01] [Tick 164] Pos=(15, 21), Heading=NORTH, State=AUDITING, Action=WAITING, Priority=0.0, Battery=81.8%, Waits=112
[01:25:01] [Tick 165] Deadlock/livelock detected (112 wait ticks). Seeking alternate route/nook...
[01:25:01] [Tick 165] Alternate route found to goal (16 steps).
[01:25:01] [Tick 165] Pos=(15, 21), Heading=NORTH, State=AUDITING, Action=WAITING, Priority=0.0, Battery=81.7%, Waits=113
[01:25:02] [Tick 166] Deadlock/livelock detected (113 wait ticks). Seeking alternate route/nook...
[01:25:02] [Tick 166] Alternate route found to goal (15 steps).
[01:25:02] [Tick 166] Pos=(15, 21), Heading=NORTH, State=AUDITING, Action=WAITING, Priority=0.0, Battery=81.6%, Waits=114
[01:25:02] [Tick 167] Deadlock/livelock detected (114 wait ticks). Seeking alternate route/nook...
[01:25:02] [Tick 167] Alternate route found to goal (13 steps).
[01:25:02] [Tick 167] Pos=(15, 21), Heading=NORTH, State=AUDITING, Action=WAITING, Priority=0.0, Battery=81.5%, Waits=115
[01:25:03] [Tick 168] Deadlock/livelock detected (115 wait ticks). Seeking alternate route/nook...
[01:25:03] [Tick 168] Alternate route found to goal (16 steps).
[01:25:03] [Tick 168] Pos=(15, 21), Heading=NORTH, State=AUDITING, Action=WAITING, Priority=0.0, Battery=81.4%, Waits=116
[01:25:03] [Tick 169] Deadlock/livelock detected (116 wait ticks). Seeking alternate route/nook...
[01:25:03] [Tick 169] Alternate route found to goal (15 steps).
[01:25:03] [Tick 169] Pos=(15, 21), Heading=NORTH, State=AUDITING, Action=WAITING, Priority=0.0, Battery=81.3%, Waits=117
[01:25:04] [Tick 170] Deadlock/livelock detected (117 wait ticks). Seeking alternate route/nook...
[01:25:04] [Tick 170] Alternate route found to goal (13 steps).
[01:25:04] [Tick 170] Pos=(15, 21), Heading=NORTH, State=AUDITING, Action=WAITING, Priority=0.0, Battery=81.2%, Waits=118
[01:25:04] [Tick 171] Deadlock/livelock detected (118 wait ticks). Seeking alternate route/nook...
[01:25:04] [Tick 171] Alternate route found to goal (16 steps).
[01:25:04] [Tick 171] Pos=(15, 21), Heading=NORTH, State=AUDITING, Action=WAITING, Priority=0.0, Battery=81.1%, Waits=119
[01:25:05] [Tick 172] Deadlock/livelock detected (119 wait ticks). Seeking alternate route/nook...
[01:25:05] [Tick 172] Alternate route found to goal (15 steps).
[01:25:05] [Tick 172] Pos=(15, 21), Heading=NORTH, State=AUDITING, Action=WAITING, Priority=0.0, Battery=81.0%, Waits=120
[01:25:05] [Tick 173] Deadlock/livelock detected (120 wait ticks). Seeking alternate route/nook...
[01:25:05] [Tick 173] Alternate route found to goal (13 steps).
[01:25:05] [Tick 173] Pos=(15, 21), Heading=NORTH, State=AUDITING, Action=WAITING, Priority=0.0, Battery=80.9%, Waits=121
[01:25:06] [Tick 174] Deadlock/livelock detected (121 wait ticks). Seeking alternate route/nook...
[01:25:06] [Tick 174] Alternate route found to goal (16 steps).
[01:25:06] [Tick 174] Pos=(15, 21), Heading=NORTH, State=AUDITING, Action=WAITING, Priority=0.0, Battery=80.8%, Waits=122
[01:25:06] [Tick 175] Deadlock/livelock detected (122 wait ticks). Seeking alternate route/nook...
[01:25:06] [Tick 175] Alternate route found to goal (15 steps).
[01:25:06] [Tick 175] Pos=(15, 21), Heading=NORTH, State=AUDITING, Action=WAITING, Priority=0.0, Battery=80.7%, Waits=123
[01:25:07] [Tick 176] Deadlock/livelock detected (123 wait ticks). Seeking alternate route/nook...
[01:25:07] [Tick 176] Alternate route found to goal (13 steps).
[01:25:07] [Tick 176] Pos=(15, 21), Heading=NORTH, State=AUDITING, Action=WAITING, Priority=0.0, Battery=80.6%, Waits=124
[01:25:07] [Tick 177] Deadlock/livelock detected (124 wait ticks). Seeking alternate route/nook...
[01:25:07] [Tick 177] Alternate route found to goal (16 steps).
[01:25:07] [Tick 177] Pos=(15, 21), Heading=NORTH, State=AUDITING, Action=WAITING, Priority=0.0, Battery=80.5%, Waits=125
[01:25:08] [Tick 178] Deadlock/livelock detected (125 wait ticks). Seeking alternate route/nook...
[01:25:08] [Tick 178] Alternate route found to goal (15 steps).
[01:25:08] [Tick 178] Pos=(15, 21), Heading=NORTH, State=AUDITING, Action=WAITING, Priority=0.0, Battery=80.4%, Waits=126
[01:25:08] [Tick 179] Deadlock/livelock detected (126 wait ticks). Seeking alternate route/nook...
[01:25:08] [Tick 179] Alternate route found to goal (13 steps).
[01:25:08] [Tick 179] Pos=(15, 21), Heading=NORTH, State=AUDITING, Action=WAITING, Priority=0.0, Battery=80.3%, Waits=127
[01:25:09] [Tick 180] Deadlock/livelock detected (127 wait ticks). Seeking alternate route/nook...
[01:25:09] [Tick 180] Alternate route found to goal (16 steps).
[01:25:09] [Tick 180] Pos=(15, 21), Heading=NORTH, State=AUDITING, Action=WAITING, Priority=0.0, Battery=80.2%, Waits=128
[01:25:09] [Tick 181] Deadlock/livelock detected (128 wait ticks). Seeking alternate route/nook...
[01:25:09] [Tick 181] Alternate route found to goal (15 steps).
[01:25:09] [Tick 181] Pos=(15, 21), Heading=NORTH, State=AUDITING, Action=WAITING, Priority=0.0, Battery=80.1%, Waits=129
[01:25:10] [Tick 182] Deadlock/livelock detected (129 wait ticks). Seeking alternate route/nook...
[01:25:10] [Tick 182] Alternate route found to goal (13 steps).
[01:25:10] [Tick 182] Pos=(15, 21), Heading=NORTH, State=AUDITING, Action=WAITING, Priority=0.0, Battery=80.0%, Waits=130
[01:25:10] [Tick 183] Deadlock/livelock detected (130 wait ticks). Seeking alternate route/nook...
[01:25:10] [Tick 183] Alternate route found to goal (16 steps).
[01:25:10] [Tick 183] Pos=(15, 21), Heading=NORTH, State=AUDITING, Action=WAITING, Priority=0.0, Battery=79.9%, Waits=131
[01:25:11] [Tick 184] Deadlock/livelock detected (131 wait ticks). Seeking alternate route/nook...
[01:25:11] [Tick 184] Alternate route found to goal (15 steps).
[01:25:11] [Tick 184] Pos=(15, 21), Heading=NORTH, State=AUDITING, Action=WAITING, Priority=0.0, Battery=79.8%, Waits=132
[01:25:11] [Tick 185] Deadlock/livelock detected (132 wait ticks). Seeking alternate route/nook...
[01:25:11] [Tick 185] Alternate route found to goal (13 steps).
[01:25:11] [Tick 185] Pos=(15, 21), Heading=NORTH, State=AUDITING, Action=WAITING, Priority=0.0, Battery=79.7%, Waits=133
[01:25:12] [Tick 186] Deadlock/livelock detected (133 wait ticks). Seeking alternate route/nook...
[01:25:12] [Tick 186] Alternate route found to goal (16 steps).
[01:25:12] [Tick 186] Pos=(15, 21), Heading=NORTH, State=AUDITING, Action=WAITING, Priority=0.0, Battery=79.6%, Waits=134
[01:25:12] [Tick 187] Deadlock/livelock detected (134 wait ticks). Seeking alternate route/nook...
[01:25:12] [Tick 187] Alternate route found to goal (15 steps).
[01:25:12] [Tick 187] Pos=(15, 21), Heading=NORTH, State=AUDITING, Action=WAITING, Priority=0.0, Battery=79.5%, Waits=135
[01:25:13] [Tick 188] Deadlock/livelock detected (135 wait ticks). Seeking alternate route/nook...
[01:25:13] [Tick 188] Alternate route found to goal (13 steps).
[01:25:13] [Tick 188] Pos=(15, 21), Heading=NORTH, State=AUDITING, Action=WAITING, Priority=0.0, Battery=79.4%, Waits=136
[01:25:13] [Tick 189] Deadlock/livelock detected (136 wait ticks). Seeking alternate route/nook...
[01:25:13] [Tick 189] Alternate route found to goal (16 steps).
[01:25:13] [Tick 189] Pos=(15, 21), Heading=NORTH, State=AUDITING, Action=WAITING, Priority=0.0, Battery=79.3%, Waits=137
[01:25:14] [Tick 190] Deadlock/livelock detected (137 wait ticks). Seeking alternate route/nook...
[01:25:14] [Tick 190] Alternate route found to goal (15 steps).
[01:25:14] [Tick 190] Pos=(15, 21), Heading=NORTH, State=AUDITING, Action=WAITING, Priority=0.0, Battery=79.2%, Waits=138
[01:25:14] [Tick 191] Deadlock/livelock detected (138 wait ticks). Seeking alternate route/nook...
[01:25:14] [Tick 191] Alternate route found to goal (13 steps).
[01:25:14] [Tick 191] Pos=(15, 21), Heading=NORTH, State=AUDITING, Action=WAITING, Priority=0.0, Battery=79.1%, Waits=139
[01:25:15] [Tick 192] Deadlock/livelock detected (139 wait ticks). Seeking alternate route/nook...
[01:25:15] [Tick 192] Alternate route found to goal (16 steps).
[01:25:15] [Tick 192] Pos=(15, 21), Heading=NORTH, State=AUDITING, Action=WAITING, Priority=0.0, Battery=79.0%, Waits=140
[01:25:15] [Tick 193] Deadlock/livelock detected (140 wait ticks). Seeking alternate route/nook...
[01:25:15] [Tick 193] Alternate route found to goal (15 steps).
[01:25:15] [Tick 193] Pos=(15, 21), Heading=NORTH, State=AUDITING, Action=WAITING, Priority=0.0, Battery=78.9%, Waits=141
[01:25:16] [Tick 194] Deadlock/livelock detected (141 wait ticks). Seeking alternate route/nook...
[01:25:16] [Tick 194] Alternate route found to goal (13 steps).
[01:25:16] [Tick 194] Pos=(15, 21), Heading=NORTH, State=AUDITING, Action=WAITING, Priority=0.0, Battery=78.8%, Waits=142
[01:25:16] [Tick 195] Deadlock/livelock detected (142 wait ticks). Seeking alternate route/nook...
[01:25:16] [Tick 195] Alternate route found to goal (16 steps).
[01:25:16] [Tick 195] Pos=(15, 21), Heading=NORTH, State=AUDITING, Action=WAITING, Priority=0.0, Battery=78.7%, Waits=143
[01:25:17] [Tick 196] Deadlock/livelock detected (143 wait ticks). Seeking alternate route/nook...
[01:25:17] [Tick 196] Alternate route found to goal (15 steps).
[01:25:17] [Tick 196] Pos=(15, 21), Heading=NORTH, State=AUDITING, Action=WAITING, Priority=0.0, Battery=78.6%, Waits=144
[01:25:17] [Tick 197] Deadlock/livelock detected (144 wait ticks). Seeking alternate route/nook...
[01:25:17] [Tick 197] Alternate route found to goal (13 steps).
[01:25:17] [Tick 197] Pos=(15, 21), Heading=NORTH, State=AUDITING, Action=WAITING, Priority=0.0, Battery=78.5%, Waits=145
[01:25:18] [Tick 198] Deadlock/livelock detected (145 wait ticks). Seeking alternate route/nook...
[01:25:18] [Tick 198] Alternate route found to goal (16 steps).
[01:25:18] [Tick 198] Pos=(15, 21), Heading=NORTH, State=AUDITING, Action=WAITING, Priority=0.0, Battery=78.4%, Waits=146
[01:25:18] [Tick 199] Deadlock/livelock detected (146 wait ticks). Seeking alternate route/nook...
[01:25:18] [Tick 199] Alternate route found to goal (15 steps).
[01:25:18] [Tick 199] Pos=(15, 21), Heading=NORTH, State=AUDITING, Action=WAITING, Priority=0.0, Battery=78.3%, Waits=147
[01:25:19] [Tick 200] Deadlock/livelock detected (147 wait ticks). Seeking alternate route/nook...
[01:25:19] [Tick 200] Alternate route found to goal (13 steps).
[01:25:19] [Tick 200] Pos=(15, 21), Heading=NORTH, State=AUDITING, Action=WAITING, Priority=0.0, Battery=78.2%, Waits=148
[01:25:19] [Tick 201] Deadlock/livelock detected (148 wait ticks). Seeking alternate route/nook...
[01:25:19] [Tick 201] Alternate route found to goal (16 steps).
[01:25:19] [Tick 201] Pos=(15, 21), Heading=NORTH, State=AUDITING, Action=WAITING, Priority=0.0, Battery=78.1%, Waits=149
[01:25:20] [Tick 202] Deadlock/livelock detected (149 wait ticks). Seeking alternate route/nook...
[01:25:20] [Tick 202] Alternate route found to goal (15 steps).
[01:25:20] [Tick 202] Pos=(15, 21), Heading=NORTH, State=AUDITING, Action=WAITING, Priority=0.0, Battery=78.0%, Waits=150
[01:25:20] [Tick 203] Deadlock/livelock detected (150 wait ticks). Seeking alternate route/nook...
[01:25:20] [Tick 203] Alternate route found to goal (13 steps).
[01:25:20] [Tick 203] Pos=(15, 21), Heading=NORTH, State=AUDITING, Action=WAITING, Priority=0.0, Battery=77.9%, Waits=151
[01:25:21] [Tick 204] Deadlock/livelock detected (151 wait ticks). Seeking alternate route/nook...
[01:25:21] [Tick 204] Alternate route found to goal (16 steps).
[01:25:21] [Tick 204] Pos=(15, 21), Heading=NORTH, State=AUDITING, Action=WAITING, Priority=0.0, Battery=77.8%, Waits=152
[01:25:21] [Tick 205] Deadlock/livelock detected (152 wait ticks). Seeking alternate route/nook...
[01:25:21] [Tick 205] Alternate route found to goal (15 steps).
[01:25:21] [Tick 205] Pos=(15, 21), Heading=NORTH, State=AUDITING, Action=WAITING, Priority=0.0, Battery=77.7%, Waits=153
[01:25:22] [Tick 206] Deadlock/livelock detected (153 wait ticks). Seeking alternate route/nook...
[01:25:22] [Tick 206] Alternate route found to goal (13 steps).
[01:25:22] [Tick 206] Pos=(15, 21), Heading=NORTH, State=AUDITING, Action=WAITING, Priority=0.0, Battery=77.6%, Waits=154
[01:25:22] [Tick 207] Deadlock/livelock detected (154 wait ticks). Seeking alternate route/nook...
[01:25:22] [Tick 207] Alternate route found to goal (16 steps).
[01:25:22] [Tick 207] Pos=(15, 21), Heading=NORTH, State=AUDITING, Action=WAITING, Priority=0.0, Battery=77.5%, Waits=155
[01:25:23] [Tick 208] Deadlock/livelock detected (155 wait ticks). Seeking alternate route/nook...
[01:25:23] [Tick 208] Alternate route found to goal (15 steps).
[01:25:23] [Tick 208] Pos=(15, 21), Heading=NORTH, State=AUDITING, Action=WAITING, Priority=0.0, Battery=77.4%, Waits=156
[01:25:23] [Tick 209] Deadlock/livelock detected (156 wait ticks). Seeking alternate route/nook...
[01:25:23] [Tick 209] Alternate route found to goal (13 steps).
[01:25:23] [Tick 209] Pos=(15, 21), Heading=NORTH, State=AUDITING, Action=WAITING, Priority=0.0, Battery=77.3%, Waits=157
[01:25:24] [Tick 210] Deadlock/livelock detected (157 wait ticks). Seeking alternate route/nook...
[01:25:24] [Tick 210] Alternate route found to goal (16 steps).
[01:25:24] [Tick 210] Pos=(15, 21), Heading=NORTH, State=AUDITING, Action=WAITING, Priority=0.0, Battery=77.2%, Waits=158
[01:25:24] [Tick 211] Deadlock/livelock detected (158 wait ticks). Seeking alternate route/nook...
[01:25:24] [Tick 211] Alternate route found to goal (15 steps).
[01:25:24] [Tick 211] Pos=(15, 21), Heading=NORTH, State=AUDITING, Action=WAITING, Priority=0.0, Battery=77.1%, Waits=159
[01:25:25] [Tick 212] Deadlock/livelock detected (159 wait ticks). Seeking alternate route/nook...
[01:25:25] [Tick 212] Alternate route found to goal (13 steps).
[01:25:25] [Tick 212] Pos=(15, 21), Heading=NORTH, State=AUDITING, Action=WAITING, Priority=0.0, Battery=77.0%, Waits=160
[01:25:25] [Tick 213] Deadlock/livelock detected (160 wait ticks). Seeking alternate route/nook...
[01:25:25] [Tick 213] Alternate route found to goal (16 steps).
[01:25:25] [Tick 213] Pos=(15, 21), Heading=NORTH, State=AUDITING, Action=WAITING, Priority=0.0, Battery=76.9%, Waits=161
[01:25:26] [Tick 214] Deadlock/livelock detected (161 wait ticks). Seeking alternate route/nook...
[01:25:26] [Tick 214] Alternate route found to goal (15 steps).
[01:25:26] [Tick 214] Pos=(15, 21), Heading=NORTH, State=AUDITING, Action=WAITING, Priority=0.0, Battery=76.8%, Waits=162
[01:25:26] [Tick 215] Deadlock/livelock detected (162 wait ticks). Seeking alternate route/nook...
[01:25:26] [Tick 215] Alternate route found to goal (13 steps).
[01:25:26] [Tick 215] Pos=(15, 21), Heading=NORTH, State=AUDITING, Action=WAITING, Priority=0.0, Battery=76.7%, Waits=163
[01:25:27] [Tick 216] Deadlock/livelock detected (163 wait ticks). Seeking alternate route/nook...
[01:25:27] [Tick 216] Alternate route found to goal (16 steps).
[01:25:27] [Tick 216] Pos=(15, 21), Heading=NORTH, State=AUDITING, Action=WAITING, Priority=0.0, Battery=76.6%, Waits=164
[01:25:27] [Tick 217] Deadlock/livelock detected (164 wait ticks). Seeking alternate route/nook...
[01:25:27] [Tick 217] Alternate route found to goal (15 steps).
[01:25:27] [Tick 217] Pos=(15, 21), Heading=NORTH, State=AUDITING, Action=WAITING, Priority=0.0, Battery=76.5%, Waits=165
[01:25:28] [Tick 218] Deadlock/livelock detected (165 wait ticks). Seeking alternate route/nook...
[01:25:28] [Tick 218] Alternate route found to goal (13 steps).
[01:25:28] [Tick 218] Pos=(15, 21), Heading=NORTH, State=AUDITING, Action=WAITING, Priority=0.0, Battery=76.4%, Waits=166
[01:25:28] [Tick 219] Deadlock/livelock detected (166 wait ticks). Seeking alternate route/nook...
[01:25:28] [Tick 219] Alternate route found to goal (16 steps).
[01:25:28] [Tick 219] Pos=(15, 21), Heading=NORTH, State=AUDITING, Action=WAITING, Priority=0.0, Battery=76.3%, Waits=167
[01:25:29] [Tick 220] Deadlock/livelock detected (167 wait ticks). Seeking alternate route/nook...
[01:25:29] [Tick 220] Alternate route found to goal (15 steps).
[01:25:29] [Tick 220] Pos=(15, 21), Heading=NORTH, State=AUDITING, Action=WAITING, Priority=0.0, Battery=76.2%, Waits=168
[01:25:29] [Tick 221] Deadlock/livelock detected (168 wait ticks). Seeking alternate route/nook...
[01:25:29] [Tick 221] Alternate route found to goal (13 steps).
[01:25:29] [Tick 221] Pos=(15, 21), Heading=NORTH, State=AUDITING, Action=WAITING, Priority=0.0, Battery=76.1%, Waits=169
[01:25:30] [Tick 222] Deadlock/livelock detected (169 wait ticks). Seeking alternate route/nook...
[01:25:30] [Tick 222] Alternate route found to goal (16 steps).
[01:25:30] [Tick 222] Pos=(15, 21), Heading=NORTH, State=AUDITING, Action=WAITING, Priority=0.0, Battery=76.0%, Waits=170
[01:25:30] [Tick 223] Deadlock/livelock detected (170 wait ticks). Seeking alternate route/nook...
[01:25:30] [Tick 223] Alternate route found to goal (15 steps).
[01:25:30] [Tick 223] Pos=(15, 21), Heading=NORTH, State=AUDITING, Action=WAITING, Priority=0.0, Battery=75.9%, Waits=171
[01:25:31] [Tick 224] Deadlock/livelock detected (171 wait ticks). Seeking alternate route/nook...
[01:25:31] [Tick 224] Alternate route found to goal (13 steps).
[01:25:31] [Tick 224] Pos=(15, 21), Heading=NORTH, State=AUDITING, Action=WAITING, Priority=0.0, Battery=75.8%, Waits=172
[01:25:31] [Tick 225] Deadlock/livelock detected (172 wait ticks). Seeking alternate route/nook...
[01:25:31] [Tick 225] Alternate route found to goal (16 steps).
[01:25:31] [Tick 225] Pos=(15, 21), Heading=NORTH, State=AUDITING, Action=WAITING, Priority=0.0, Battery=75.7%, Waits=173
[01:25:32] [Tick 226] Deadlock/livelock detected (173 wait ticks). Seeking alternate route/nook...
[01:25:32] [Tick 226] Alternate route found to goal (15 steps).
[01:25:32] [Tick 226] Pos=(15, 21), Heading=NORTH, State=AUDITING, Action=WAITING, Priority=0.0, Battery=75.6%, Waits=174
[01:25:32] [Tick 227] Deadlock/livelock detected (174 wait ticks). Seeking alternate route/nook...
[01:25:32] [Tick 227] Alternate route found to goal (13 steps).
[01:25:32] [Tick 227] Pos=(15, 21), Heading=NORTH, State=AUDITING, Action=WAITING, Priority=0.0, Battery=75.5%, Waits=175
[01:25:33] [Tick 228] Deadlock/livelock detected (175 wait ticks). Seeking alternate route/nook...
[01:25:33] [Tick 228] Alternate route found to goal (16 steps).
[01:25:33] [Tick 228] Pos=(15, 21), Heading=NORTH, State=AUDITING, Action=WAITING, Priority=0.0, Battery=75.4%, Waits=176
[01:25:33] [Tick 229] Deadlock/livelock detected (176 wait ticks). Seeking alternate route/nook...
[01:25:33] [Tick 229] Alternate route found to goal (15 steps).
[01:25:33] [Tick 229] Pos=(15, 21), Heading=NORTH, State=AUDITING, Action=WAITING, Priority=0.0, Battery=75.3%, Waits=177
[01:25:34] [Tick 230] Deadlock/livelock detected (177 wait ticks). Seeking alternate route/nook...
[01:25:34] [Tick 230] Alternate route found to goal (13 steps).
[01:25:34] [Tick 230] Pos=(15, 21), Heading=NORTH, State=AUDITING, Action=WAITING, Priority=0.0, Battery=75.2%, Waits=178
[01:25:34] [Tick 231] Deadlock/livelock detected (178 wait ticks). Seeking alternate route/nook...
[01:25:34] [Tick 231] Alternate route found to goal (16 steps).
[01:25:34] [Tick 231] Pos=(15, 21), Heading=NORTH, State=AUDITING, Action=WAITING, Priority=0.0, Battery=75.1%, Waits=179
[01:25:35] [Tick 232] Deadlock/livelock detected (179 wait ticks). Seeking alternate route/nook...
[01:25:35] [Tick 232] Alternate route found to goal (15 steps).
[01:25:35] [Tick 232] Pos=(15, 21), Heading=NORTH, State=AUDITING, Action=WAITING, Priority=0.0, Battery=75.0%, Waits=180
[01:25:35] [Tick 233] Deadlock/livelock detected (180 wait ticks). Seeking alternate route/nook...
[01:25:35] [Tick 233] Alternate route found to goal (13 steps).
[01:25:35] [Tick 233] Pos=(15, 21), Heading=NORTH, State=AUDITING, Action=WAITING, Priority=0.0, Battery=74.9%, Waits=181
[01:25:36] [Tick 234] Deadlock/livelock detected (181 wait ticks). Seeking alternate route/nook...
[01:25:36] [Tick 234] Alternate route found to goal (16 steps).
[01:25:36] [Tick 234] Pos=(15, 21), Heading=NORTH, State=AUDITING, Action=WAITING, Priority=0.0, Battery=74.8%, Waits=182
[01:25:36] [Tick 235] Deadlock/livelock detected (182 wait ticks). Seeking alternate route/nook...
[01:25:36] [Tick 235] Alternate route found to goal (15 steps).
[01:25:36] [Tick 235] Pos=(15, 21), Heading=NORTH, State=AUDITING, Action=WAITING, Priority=0.0, Battery=74.7%, Waits=183
[01:25:37] [Tick 236] Deadlock/livelock detected (183 wait ticks). Seeking alternate route/nook...
[01:25:37] [Tick 236] Alternate route found to goal (13 steps).
[01:25:37] [Tick 236] Pos=(15, 21), Heading=NORTH, State=AUDITING, Action=WAITING, Priority=0.0, Battery=74.6%, Waits=184
[01:25:37] [Tick 237] Deadlock/livelock detected (184 wait ticks). Seeking alternate route/nook...
[01:25:37] [Tick 237] Alternate route found to goal (16 steps).
[01:25:37] [Tick 237] Pos=(15, 21), Heading=NORTH, State=AUDITING, Action=WAITING, Priority=0.0, Battery=74.5%, Waits=185
[01:25:38] [Tick 238] Deadlock/livelock detected (185 wait ticks). Seeking alternate route/nook...
[01:25:38] [Tick 238] Alternate route found to goal (15 steps).
[01:25:38] [Tick 238] Pos=(15, 21), Heading=NORTH, State=AUDITING, Action=WAITING, Priority=0.0, Battery=74.4%, Waits=186
[01:25:38] [Tick 239] Deadlock/livelock detected (186 wait ticks). Seeking alternate route/nook...
[01:25:38] [Tick 239] Alternate route found to goal (13 steps).
[01:25:38] [Tick 239] Pos=(15, 21), Heading=NORTH, State=AUDITING, Action=WAITING, Priority=0.0, Battery=74.3%, Waits=187
[01:25:39] [Tick 240] Deadlock/livelock detected (187 wait ticks). Seeking alternate route/nook...
[01:25:39] [Tick 240] Alternate route found to goal (16 steps).
[01:25:39] [Tick 240] Pos=(15, 21), Heading=NORTH, State=AUDITING, Action=WAITING, Priority=0.0, Battery=74.2%, Waits=188
[01:25:39] [Tick 241] Deadlock/livelock detected (188 wait ticks). Seeking alternate route/nook...
[01:25:39] [Tick 241] Alternate route found to goal (15 steps).
[01:25:39] [Tick 241] Pos=(15, 21), Heading=NORTH, State=AUDITING, Action=WAITING, Priority=0.0, Battery=74.1%, Waits=189
[01:25:40] [Tick 242] Deadlock/livelock detected (189 wait ticks). Seeking alternate route/nook...
[01:25:40] [Tick 242] Alternate route found to goal (13 steps).
[01:25:40] [Tick 242] Pos=(15, 21), Heading=NORTH, State=AUDITING, Action=WAITING, Priority=0.0, Battery=74.0%, Waits=190
[01:25:40] [Tick 243] Deadlock/livelock detected (190 wait ticks). Seeking alternate route/nook...
[01:25:40] [Tick 243] Alternate route found to goal (16 steps).
[01:25:40] [Tick 243] Pos=(15, 21), Heading=NORTH, State=AUDITING, Action=WAITING, Priority=0.0, Battery=73.9%, Waits=191
[01:25:41] [Tick 244] Deadlock/livelock detected (191 wait ticks). Seeking alternate route/nook...
[01:25:41] [Tick 244] Alternate route found to goal (15 steps).
[01:25:41] [Tick 244] Pos=(15, 21), Heading=NORTH, State=AUDITING, Action=WAITING, Priority=0.0, Battery=73.8%, Waits=192
[01:25:41] [Tick 245] Deadlock/livelock detected (192 wait ticks). Seeking alternate route/nook...
[01:25:41] [Tick 245] Alternate route found to goal (13 steps).
[01:25:41] [Tick 245] Pos=(15, 21), Heading=NORTH, State=AUDITING, Action=WAITING, Priority=0.0, Battery=73.7%, Waits=193
[01:25:42] [Tick 246] Deadlock/livelock detected (193 wait ticks). Seeking alternate route/nook...
[01:25:42] [Tick 246] Alternate route found to goal (16 steps).
[01:25:42] [Tick 246] Pos=(15, 21), Heading=NORTH, State=AUDITING, Action=WAITING, Priority=0.0, Battery=73.6%, Waits=194
[01:25:42] [Tick 247] Deadlock/livelock detected (194 wait ticks). Seeking alternate route/nook...
[01:25:42] [Tick 247] Alternate route found to goal (15 steps).
[01:25:42] [Tick 247] Pos=(15, 21), Heading=NORTH, State=AUDITING, Action=WAITING, Priority=0.0, Battery=73.5%, Waits=195
[01:25:43] [Tick 248] Deadlock/livelock detected (195 wait ticks). Seeking alternate route/nook...
[01:25:43] [Tick 248] Alternate route found to goal (13 steps).
[01:25:43] [Tick 248] Pos=(15, 21), Heading=NORTH, State=AUDITING, Action=WAITING, Priority=0.0, Battery=73.4%, Waits=196
[01:25:43] [Tick 249] Deadlock/livelock detected (196 wait ticks). Seeking alternate route/nook...
[01:25:43] [Tick 249] Alternate route found to goal (16 steps).
[01:25:43] [Tick 249] Pos=(15, 21), Heading=NORTH, State=AUDITING, Action=WAITING, Priority=0.0, Battery=73.3%, Waits=197
[01:25:44] [Tick 250] Deadlock/livelock detected (197 wait ticks). Seeking alternate route/nook...
[01:25:44] [Tick 250] Alternate route found to goal (15 steps).
[01:25:44] [Tick 250] Pos=(15, 21), Heading=NORTH, State=AUDITING, Action=WAITING, Priority=0.0, Battery=73.2%, Waits=198
[01:25:44] [Tick 251] Deadlock/livelock detected (198 wait ticks). Seeking alternate route/nook...
[01:25:44] [Tick 251] Alternate route found to goal (13 steps).
[01:25:44] [Tick 251] Pos=(15, 21), Heading=NORTH, State=AUDITING, Action=WAITING, Priority=0.0, Battery=73.1%, Waits=199
[01:25:45] [Tick 252] Deadlock/livelock detected (199 wait ticks). Seeking alternate route/nook...
[01:25:45] [Tick 252] Alternate route found to goal (16 steps).
[01:25:45] [Tick 252] Pos=(15, 21), Heading=NORTH, State=AUDITING, Action=WAITING, Priority=0.0, Battery=73.0%, Waits=200
[01:25:45] [Tick 253] Deadlock/livelock detected (200 wait ticks). Seeking alternate route/nook...
[01:25:45] [Tick 253] Alternate route found to goal (15 steps).
[01:25:45] [Tick 253] Pos=(15, 21), Heading=NORTH, State=AUDITING, Action=WAITING, Priority=0.0, Battery=72.9%, Waits=201
[01:25:46] [Tick 254] Deadlock/livelock detected (201 wait ticks). Seeking alternate route/nook...
[01:25:46] [Tick 254] Alternate route found to goal (13 steps).
[01:25:46] [Tick 254] Pos=(15, 21), Heading=NORTH, State=AUDITING, Action=WAITING, Priority=0.0, Battery=72.8%, Waits=202
[01:25:46] [Tick 255] Deadlock/livelock detected (202 wait ticks). Seeking alternate route/nook...
[01:25:46] [Tick 255] Alternate route found to goal (16 steps).
[01:25:46] [Tick 255] Pos=(15, 21), Heading=NORTH, State=AUDITING, Action=WAITING, Priority=0.0, Battery=72.7%, Waits=203
[01:25:47] [Tick 256] Deadlock/livelock detected (203 wait ticks). Seeking alternate route/nook...
[01:25:47] [Tick 256] Alternate route found to goal (15 steps).
[01:25:47] [Tick 256] Pos=(15, 21), Heading=NORTH, State=AUDITING, Action=WAITING, Priority=0.0, Battery=72.6%, Waits=204
[01:25:47] [Tick 257] Deadlock/livelock detected (204 wait ticks). Seeking alternate route/nook...
[01:25:47] [Tick 257] Alternate route found to goal (13 steps).
[01:25:47] [Tick 257] Pos=(15, 21), Heading=NORTH, State=AUDITING, Action=WAITING, Priority=0.0, Battery=72.5%, Waits=205
[01:25:48] [Tick 258] Deadlock/livelock detected (205 wait ticks). Seeking alternate route/nook...
[01:25:48] [Tick 258] Alternate route found to goal (16 steps).
[01:25:48] [Tick 258] Pos=(15, 21), Heading=NORTH, State=AUDITING, Action=WAITING, Priority=0.0, Battery=72.4%, Waits=206
[01:25:48] [Tick 259] Deadlock/livelock detected (206 wait ticks). Seeking alternate route/nook...
[01:25:48] [Tick 259] Alternate route found to goal (15 steps).
[01:25:48] [Tick 259] Pos=(15, 21), Heading=NORTH, State=AUDITING, Action=WAITING, Priority=0.0, Battery=72.3%, Waits=207
[01:25:49] [Tick 260] Deadlock/livelock detected (207 wait ticks). Seeking alternate route/nook...
[01:25:49] [Tick 260] Alternate route found to goal (13 steps).
[01:25:49] [Tick 260] Pos=(15, 21), Heading=NORTH, State=AUDITING, Action=WAITING, Priority=0.0, Battery=72.2%, Waits=208
[01:25:49] [Tick 261] Deadlock/livelock detected (208 wait ticks). Seeking alternate route/nook...
[01:25:49] [Tick 261] Alternate route found to goal (16 steps).
[01:25:49] [Tick 261] Pos=(15, 21), Heading=NORTH, State=AUDITING, Action=WAITING, Priority=0.0, Battery=72.1%, Waits=209
[01:25:50] [Tick 262] Deadlock/livelock detected (209 wait ticks). Seeking alternate route/nook...
[01:25:50] [Tick 262] Alternate route found to goal (15 steps).
[01:25:50] [Tick 262] Pos=(15, 21), Heading=NORTH, State=AUDITING, Action=WAITING, Priority=0.0, Battery=72.0%, Waits=210
[01:25:50] [Tick 263] Deadlock/livelock detected (210 wait ticks). Seeking alternate route/nook...
[01:25:50] [Tick 263] Alternate route found to goal (13 steps).
[01:25:50] [Tick 263] Pos=(15, 21), Heading=NORTH, State=AUDITING, Action=WAITING, Priority=0.0, Battery=71.9%, Waits=211
[01:25:51] [Tick 264] Deadlock/livelock detected (211 wait ticks). Seeking alternate route/nook...
[01:25:51] [Tick 264] Alternate route found to goal (16 steps).
[01:25:51] [Tick 264] Pos=(15, 21), Heading=NORTH, State=AUDITING, Action=WAITING, Priority=0.0, Battery=71.8%, Waits=212
[01:25:51] [Tick 265] Deadlock/livelock detected (212 wait ticks). Seeking alternate route/nook...
[01:25:51] [Tick 265] Alternate route found to goal (15 steps).
[01:25:51] [Tick 265] Pos=(15, 21), Heading=NORTH, State=AUDITING, Action=WAITING, Priority=0.0, Battery=71.7%, Waits=213
[01:25:52] [Tick 266] Deadlock/livelock detected (213 wait ticks). Seeking alternate route/nook...
[01:25:52] [Tick 266] Alternate route found to goal (13 steps).
[01:25:52] [Tick 266] Pos=(15, 21), Heading=NORTH, State=AUDITING, Action=WAITING, Priority=0.0, Battery=71.6%, Waits=214
[01:25:52] [Tick 267] Deadlock/livelock detected (214 wait ticks). Seeking alternate route/nook...
[01:25:52] [Tick 267] Alternate route found to goal (16 steps).
[01:25:52] [Tick 267] Pos=(15, 21), Heading=NORTH, State=AUDITING, Action=WAITING, Priority=0.0, Battery=71.5%, Waits=215
[01:25:53] [Tick 268] Deadlock/livelock detected (215 wait ticks). Seeking alternate route/nook...
[01:25:53] [Tick 268] Alternate route found to goal (15 steps).
[01:25:53] [Tick 268] Pos=(15, 21), Heading=NORTH, State=AUDITING, Action=WAITING, Priority=0.0, Battery=71.4%, Waits=216
[01:25:53] [Tick 269] Deadlock/livelock detected (216 wait ticks). Seeking alternate route/nook...
[01:25:53] [Tick 269] Alternate route found to goal (13 steps).
[01:25:53] [Tick 269] Pos=(15, 21), Heading=NORTH, State=AUDITING, Action=WAITING, Priority=0.0, Battery=71.3%, Waits=217
[01:25:54] [Tick 270] Deadlock/livelock detected (217 wait ticks). Seeking alternate route/nook...
[01:25:54] [Tick 270] Alternate route found to goal (16 steps).
[01:25:54] [Tick 270] Pos=(15, 21), Heading=NORTH, State=AUDITING, Action=WAITING, Priority=0.0, Battery=71.2%, Waits=218
[01:25:54] [Tick 271] Deadlock/livelock detected (218 wait ticks). Seeking alternate route/nook...
[01:25:54] [Tick 271] Alternate route found to goal (15 steps).
[01:25:54] [Tick 271] Pos=(15, 21), Heading=NORTH, State=AUDITING, Action=WAITING, Priority=0.0, Battery=71.1%, Waits=219
[01:25:55] [Tick 272] Deadlock/livelock detected (219 wait ticks). Seeking alternate route/nook...
[01:25:55] [Tick 272] Alternate route found to goal (13 steps).
[01:25:55] [Tick 272] Pos=(15, 21), Heading=NORTH, State=AUDITING, Action=WAITING, Priority=0.0, Battery=71.0%, Waits=220
[01:25:55] [Tick 273] Deadlock/livelock detected (220 wait ticks). Seeking alternate route/nook...
[01:25:55] [Tick 273] Alternate route found to goal (16 steps).
[01:25:55] [Tick 273] Pos=(15, 21), Heading=NORTH, State=AUDITING, Action=WAITING, Priority=0.0, Battery=70.9%, Waits=221
[01:25:56] [Tick 274] Deadlock/livelock detected (221 wait ticks). Seeking alternate route/nook...
[01:25:56] [Tick 274] Alternate route found to goal (15 steps).
[01:25:56] [Tick 274] Pos=(15, 21), Heading=NORTH, State=AUDITING, Action=WAITING, Priority=0.0, Battery=70.8%, Waits=222
[01:25:56] [Tick 275] Deadlock/livelock detected (222 wait ticks). Seeking alternate route/nook...
[01:25:56] [Tick 275] Alternate route found to goal (13 steps).
[01:25:56] [Tick 275] Pos=(15, 21), Heading=NORTH, State=AUDITING, Action=WAITING, Priority=0.0, Battery=70.7%, Waits=223
[01:25:57] [Tick 276] Deadlock/livelock detected (223 wait ticks). Seeking alternate route/nook...
[01:25:57] [Tick 276] Alternate route found to goal (16 steps).
[01:25:57] [Tick 276] Pos=(15, 21), Heading=NORTH, State=AUDITING, Action=WAITING, Priority=0.0, Battery=70.6%, Waits=224
[01:25:57] [Tick 277] Deadlock/livelock detected (224 wait ticks). Seeking alternate route/nook...
[01:25:57] [Tick 277] Alternate route found to goal (15 steps).
[01:25:57] [Tick 277] Pos=(15, 21), Heading=NORTH, State=AUDITING, Action=WAITING, Priority=0.0, Battery=70.5%, Waits=225
[01:25:58] [Tick 278] Deadlock/livelock detected (225 wait ticks). Seeking alternate route/nook...
[01:25:58] [Tick 278] Alternate route found to goal (13 steps).
[01:25:58] [Tick 278] Pos=(15, 21), Heading=NORTH, State=AUDITING, Action=WAITING, Priority=0.0, Battery=70.4%, Waits=226
[01:25:58] [Tick 279] Deadlock/livelock detected (226 wait ticks). Seeking alternate route/nook...
[01:25:58] [Tick 279] Alternate route found to goal (16 steps).
[01:25:58] [Tick 279] Pos=(15, 21), Heading=NORTH, State=AUDITING, Action=WAITING, Priority=0.0, Battery=70.3%, Waits=227
[01:25:59] [Tick 280] Deadlock/livelock detected (227 wait ticks). Seeking alternate route/nook...
[01:25:59] [Tick 280] Alternate route found to goal (15 steps).
[01:25:59] [Tick 280] Pos=(15, 21), Heading=NORTH, State=AUDITING, Action=WAITING, Priority=0.0, Battery=70.2%, Waits=228
[01:25:59] [Tick 281] Deadlock/livelock detected (228 wait ticks). Seeking alternate route/nook...
[01:25:59] [Tick 281] Alternate route found to goal (13 steps).
[01:25:59] [Tick 281] Pos=(15, 21), Heading=NORTH, State=AUDITING, Action=WAITING, Priority=0.0, Battery=70.1%, Waits=229
[01:26:00] [Tick 282] Deadlock/livelock detected (229 wait ticks). Seeking alternate route/nook...
[01:26:00] [Tick 282] Alternate route found to goal (16 steps).
[01:26:00] [Tick 282] Pos=(15, 21), Heading=NORTH, State=AUDITING, Action=WAITING, Priority=0.0, Battery=70.0%, Waits=230
[01:26:00] [Tick 283] Deadlock/livelock detected (230 wait ticks). Seeking alternate route/nook...
[01:26:00] [Tick 283] Alternate route found to goal (15 steps).
[01:26:00] [Tick 283] Pos=(15, 21), Heading=NORTH, State=AUDITING, Action=WAITING, Priority=0.0, Battery=69.9%, Waits=231
[01:26:01] [Tick 284] Deadlock/livelock detected (231 wait ticks). Seeking alternate route/nook...
[01:26:01] [Tick 284] Alternate route found to goal (13 steps).
[01:26:01] [Tick 284] Pos=(15, 21), Heading=NORTH, State=AUDITING, Action=WAITING, Priority=0.0, Battery=69.8%, Waits=232
[01:26:01] [Tick 285] Deadlock/livelock detected (232 wait ticks). Seeking alternate route/nook...
[01:26:01] [Tick 285] Alternate route found to goal (16 steps).
[01:26:01] [Tick 285] Pos=(15, 21), Heading=NORTH, State=AUDITING, Action=WAITING, Priority=0.0, Battery=69.7%, Waits=233
[01:26:02] [Tick 286] Deadlock/livelock detected (233 wait ticks). Seeking alternate route/nook...
[01:26:02] [Tick 286] Alternate route found to goal (15 steps).
[01:26:02] [Tick 286] Pos=(15, 21), Heading=NORTH, State=AUDITING, Action=WAITING, Priority=0.0, Battery=69.6%, Waits=234
[01:26:02] [Tick 287] Deadlock/livelock detected (234 wait ticks). Seeking alternate route/nook...
[01:26:02] [Tick 287] Alternate route found to goal (13 steps).
[01:26:02] [Tick 287] Pos=(15, 21), Heading=NORTH, State=AUDITING, Action=WAITING, Priority=0.0, Battery=69.5%, Waits=235
[01:26:03] [Tick 288] Deadlock/livelock detected (235 wait ticks). Seeking alternate route/nook...
[01:26:03] [Tick 288] Alternate route found to goal (16 steps).
[01:26:03] [Tick 288] Pos=(15, 21), Heading=NORTH, State=AUDITING, Action=WAITING, Priority=0.0, Battery=69.4%, Waits=236
[01:26:03] [Tick 289] Deadlock/livelock detected (236 wait ticks). Seeking alternate route/nook...
[01:26:03] [Tick 289] Alternate route found to goal (15 steps).
[01:26:03] [Tick 289] Pos=(15, 21), Heading=NORTH, State=AUDITING, Action=WAITING, Priority=0.0, Battery=69.3%, Waits=237
[01:26:04] [Tick 290] Deadlock/livelock detected (237 wait ticks). Seeking alternate route/nook...
[01:26:04] [Tick 290] Alternate route found to goal (13 steps).
[01:26:04] [Tick 290] Pos=(15, 21), Heading=NORTH, State=AUDITING, Action=WAITING, Priority=0.0, Battery=69.2%, Waits=238
[01:26:04] [Tick 291] Deadlock/livelock detected (238 wait ticks). Seeking alternate route/nook...
[01:26:04] [Tick 291] Alternate route found to goal (16 steps).
[01:26:05] [Tick 291] Pos=(15, 21), Heading=NORTH, State=AUDITING, Action=WAITING, Priority=0.0, Battery=69.1%, Waits=239
[01:26:05] [Tick 292] Deadlock/livelock detected (239 wait ticks). Seeking alternate route/nook...
[01:26:05] [Tick 292] Alternate route found to goal (15 steps).
[01:26:05] [Tick 292] Pos=(15, 21), Heading=NORTH, State=AUDITING, Action=WAITING, Priority=0.0, Battery=69.0%, Waits=240
[01:26:05] [Tick 293] Deadlock/livelock detected (240 wait ticks). Seeking alternate route/nook...
[01:26:05] [Tick 293] Alternate route found to goal (13 steps).
[01:26:05] [Tick 293] Pos=(15, 21), Heading=NORTH, State=AUDITING, Action=WAITING, Priority=0.0, Battery=68.9%, Waits=241
[01:26:06] [Tick 294] Deadlock/livelock detected (241 wait ticks). Seeking alternate route/nook...
[01:26:06] [Tick 294] Alternate route found to goal (16 steps).
[01:26:06] [Tick 294] Pos=(15, 21), Heading=NORTH, State=AUDITING, Action=WAITING, Priority=0.0, Battery=68.8%, Waits=242
[01:26:06] [Tick 295] Deadlock/livelock detected (242 wait ticks). Seeking alternate route/nook...
[01:26:06] [Tick 295] Alternate route found to goal (15 steps).
[01:26:06] [Tick 295] Pos=(15, 21), Heading=NORTH, State=AUDITING, Action=WAITING, Priority=0.0, Battery=68.7%, Waits=243
[01:26:07] [Tick 296] Deadlock/livelock detected (243 wait ticks). Seeking alternate route/nook...
[01:26:07] [Tick 296] Alternate route found to goal (13 steps).
[01:26:07] [Tick 296] Pos=(15, 21), Heading=NORTH, State=AUDITING, Action=WAITING, Priority=0.0, Battery=68.6%, Waits=244
[01:26:07] [Tick 297] Deadlock/livelock detected (244 wait ticks). Seeking alternate route/nook...
[01:26:07] [Tick 297] Alternate route found to goal (16 steps).
[01:26:07] [Tick 297] Pos=(15, 21), Heading=NORTH, State=AUDITING, Action=WAITING, Priority=0.0, Battery=68.5%, Waits=245
[01:26:08] [Tick 298] Deadlock/livelock detected (245 wait ticks). Seeking alternate route/nook...
[01:26:08] [Tick 298] Alternate route found to goal (15 steps).
[01:26:08] [Tick 298] Pos=(15, 21), Heading=NORTH, State=AUDITING, Action=WAITING, Priority=0.0, Battery=68.4%, Waits=246
[01:26:09] [Tick 299] Deadlock/livelock detected (246 wait ticks). Seeking alternate route/nook...
[01:26:09] [Tick 299] Alternate route found to goal (13 steps).
[01:26:09] [Tick 299] Pos=(15, 21), Heading=NORTH, State=AUDITING, Action=WAITING, Priority=0.0, Battery=68.3%, Waits=247
[01:26:09] [Tick 300] Deadlock/livelock detected (247 wait ticks). Seeking alternate route/nook...
[01:26:09] [Tick 300] Alternate route found to goal (16 steps).
[01:26:09] [Tick 300] Pos=(15, 21), Heading=NORTH, State=AUDITING, Action=WAITING, Priority=0.0, Battery=68.2%, Waits=248
[01:26:10] [Tick 301] Deadlock/livelock detected (248 wait ticks). Seeking alternate route/nook...
[01:26:10] [Tick 301] Alternate route found to goal (15 steps).
[01:26:10] [Tick 301] Pos=(15, 21), Heading=NORTH, State=AUDITING, Action=WAITING, Priority=0.0, Battery=68.1%, Waits=249
[01:26:10] [Tick 302] Deadlock/livelock detected (249 wait ticks). Seeking alternate route/nook...
[01:26:10] [Tick 302] Alternate route found to goal (13 steps).
[01:26:10] [Tick 302] Pos=(15, 21), Heading=NORTH, State=AUDITING, Action=WAITING, Priority=0.0, Battery=68.0%, Waits=250
[01:26:11] [Tick 303] Deadlock/livelock detected (250 wait ticks). Seeking alternate route/nook...
[01:26:11] [Tick 303] Alternate route found to goal (16 steps).
[01:26:11] [Tick 303] Pos=(15, 21), Heading=NORTH, State=AUDITING, Action=WAITING, Priority=0.0, Battery=67.9%, Waits=251
[01:26:11] [Tick 304] Deadlock/livelock detected (251 wait ticks). Seeking alternate route/nook...
[01:26:11] [Tick 304] Alternate route found to goal (15 steps).
[01:26:11] [Tick 304] Pos=(15, 21), Heading=NORTH, State=AUDITING, Action=WAITING, Priority=0.0, Battery=67.8%, Waits=252
[01:26:12] [Tick 305] Deadlock/livelock detected (252 wait ticks). Seeking alternate route/nook...
[01:26:12] [Tick 305] Alternate route found to goal (13 steps).
[01:26:12] [Tick 305] Pos=(15, 21), Heading=NORTH, State=AUDITING, Action=WAITING, Priority=0.0, Battery=67.7%, Waits=253
[01:26:12] [Tick 306] Deadlock/livelock detected (253 wait ticks). Seeking alternate route/nook...
[01:26:12] [Tick 306] Alternate route found to goal (16 steps).
[01:26:12] [Tick 306] Pos=(15, 21), Heading=NORTH, State=AUDITING, Action=WAITING, Priority=0.0, Battery=67.6%, Waits=254
[01:26:13] [Tick 307] Deadlock/livelock detected (254 wait ticks). Seeking alternate route/nook...
[01:26:13] [Tick 307] Alternate route found to goal (15 steps).
[01:26:13] [Tick 307] Pos=(15, 21), Heading=NORTH, State=AUDITING, Action=WAITING, Priority=0.0, Battery=67.5%, Waits=255
[01:26:13] [Tick 308] Deadlock/livelock detected (255 wait ticks). Seeking alternate route/nook...
[01:26:13] [Tick 308] Alternate route found to goal (13 steps).
[01:26:13] [Tick 308] Pos=(15, 21), Heading=NORTH, State=AUDITING, Action=WAITING, Priority=0.0, Battery=67.4%, Waits=256
[01:26:14] [Tick 309] Deadlock/livelock detected (256 wait ticks). Seeking alternate route/nook...
[01:26:14] [Tick 309] Alternate route found to goal (16 steps).
[01:26:14] [Tick 309] Pos=(15, 21), Heading=NORTH, State=AUDITING, Action=WAITING, Priority=0.0, Battery=67.3%, Waits=257
[01:26:14] [Tick 310] Deadlock/livelock detected (257 wait ticks). Seeking alternate route/nook...
[01:26:14] [Tick 310] Alternate route found to goal (15 steps).
[01:26:14] [Tick 310] Pos=(15, 21), Heading=NORTH, State=AUDITING, Action=WAITING, Priority=0.0, Battery=67.2%, Waits=258
[01:26:15] [Tick 311] Deadlock/livelock detected (258 wait ticks). Seeking alternate route/nook...
[01:26:15] [Tick 311] Alternate route found to goal (13 steps).
[01:26:15] [Tick 311] Pos=(15, 21), Heading=NORTH, State=AUDITING, Action=WAITING, Priority=0.0, Battery=67.1%, Waits=259
[01:26:15] [Tick 312] Deadlock/livelock detected (259 wait ticks). Seeking alternate route/nook...
[01:26:15] [Tick 312] Alternate route found to goal (16 steps).
[01:26:15] [Tick 312] Pos=(15, 21), Heading=NORTH, State=AUDITING, Action=WAITING, Priority=0.0, Battery=67.0%, Waits=260
[01:26:16] [Tick 313] Deadlock/livelock detected (260 wait ticks). Seeking alternate route/nook...
[01:26:16] [Tick 313] Alternate route found to goal (15 steps).
[01:26:16] [Tick 313] Pos=(15, 21), Heading=NORTH, State=AUDITING, Action=WAITING, Priority=0.0, Battery=66.9%, Waits=261
[01:26:16] [Tick 314] Deadlock/livelock detected (261 wait ticks). Seeking alternate route/nook...
[01:26:16] [Tick 314] Alternate route found to goal (13 steps).
[01:26:16] [Tick 314] Pos=(15, 21), Heading=NORTH, State=AUDITING, Action=WAITING, Priority=0.0, Battery=66.8%, Waits=262
[01:26:17] [Tick 315] Deadlock/livelock detected (262 wait ticks). Seeking alternate route/nook...
[01:26:17] [Tick 315] Alternate route found to goal (16 steps).
[01:26:17] [Tick 315] Pos=(15, 21), Heading=NORTH, State=AUDITING, Action=WAITING, Priority=0.0, Battery=66.7%, Waits=263
[01:26:17] [Tick 316] Deadlock/livelock detected (263 wait ticks). Seeking alternate route/nook...
[01:26:17] [Tick 316] Alternate route found to goal (15 steps).
[01:26:17] [Tick 316] Pos=(15, 21), Heading=NORTH, State=AUDITING, Action=WAITING, Priority=0.0, Battery=66.6%, Waits=264
[01:26:18] [Tick 317] Deadlock/livelock detected (264 wait ticks). Seeking alternate route/nook...
[01:26:18] [Tick 317] Alternate route found to goal (13 steps).
[01:26:18] [Tick 317] Pos=(15, 21), Heading=NORTH, State=AUDITING, Action=WAITING, Priority=0.0, Battery=66.5%, Waits=265
[01:26:18] [Tick 318] Deadlock/livelock detected (265 wait ticks). Seeking alternate route/nook...
[01:26:18] [Tick 318] Alternate route found to goal (16 steps).
[01:26:18] [Tick 318] Pos=(15, 21), Heading=NORTH, State=AUDITING, Action=WAITING, Priority=0.0, Battery=66.4%, Waits=266
[01:26:19] [Tick 319] Deadlock/livelock detected (266 wait ticks). Seeking alternate route/nook...
[01:26:19] [Tick 319] Alternate route found to goal (15 steps).
[01:26:19] [Tick 319] Pos=(15, 21), Heading=NORTH, State=AUDITING, Action=WAITING, Priority=0.0, Battery=66.3%, Waits=267
[01:26:19] [Tick 320] Deadlock/livelock detected (267 wait ticks). Seeking alternate route/nook...
[01:26:19] [Tick 320] Alternate route found to goal (13 steps).
[01:26:19] [Tick 320] Pos=(15, 21), Heading=NORTH, State=AUDITING, Action=WAITING, Priority=0.0, Battery=66.2%, Waits=268
[01:26:20] [Tick 321] Deadlock/livelock detected (268 wait ticks). Seeking alternate route/nook...
[01:26:20] [Tick 321] Alternate route found to goal (16 steps).
[01:26:20] [Tick 321] Pos=(15, 21), Heading=NORTH, State=AUDITING, Action=WAITING, Priority=0.0, Battery=66.1%, Waits=269
[01:26:20] [Tick 322] Deadlock/livelock detected (269 wait ticks). Seeking alternate route/nook...
[01:26:20] [Tick 322] Alternate route found to goal (15 steps).
[01:26:20] [Tick 322] Pos=(15, 21), Heading=NORTH, State=AUDITING, Action=WAITING, Priority=0.0, Battery=66.0%, Waits=270
[01:26:21] [Tick 323] Deadlock/livelock detected (270 wait ticks). Seeking alternate route/nook...
[01:26:21] [Tick 323] Alternate route found to goal (13 steps).
[01:26:21] [Tick 323] Pos=(15, 21), Heading=NORTH, State=AUDITING, Action=WAITING, Priority=0.0, Battery=65.9%, Waits=271
[01:26:21] [Tick 324] Deadlock/livelock detected (271 wait ticks). Seeking alternate route/nook...
[01:26:21] [Tick 324] Alternate route found to goal (16 steps).
[01:26:21] [Tick 324] Pos=(15, 21), Heading=NORTH, State=AUDITING, Action=WAITING, Priority=0.0, Battery=65.8%, Waits=272
[01:26:22] [Tick 325] Deadlock/livelock detected (272 wait ticks). Seeking alternate route/nook...
[01:26:22] [Tick 325] Alternate route found to goal (15 steps).
[01:26:22] [Tick 325] Pos=(15, 21), Heading=NORTH, State=AUDITING, Action=WAITING, Priority=0.0, Battery=65.7%, Waits=273
[01:26:22] [Tick 326] Deadlock/livelock detected (273 wait ticks). Seeking alternate route/nook...
[01:26:22] [Tick 326] Alternate route found to goal (13 steps).
[01:26:22] [Tick 326] Pos=(15, 21), Heading=NORTH, State=AUDITING, Action=WAITING, Priority=0.0, Battery=65.6%, Waits=274
[01:26:23] [Tick 327] Deadlock/livelock detected (274 wait ticks). Seeking alternate route/nook...
[01:26:23] [Tick 327] Alternate route found to goal (16 steps).
[01:26:23] [Tick 327] Pos=(15, 21), Heading=NORTH, State=AUDITING, Action=WAITING, Priority=0.0, Battery=65.5%, Waits=275
[01:26:23] [Tick 328] Deadlock/livelock detected (275 wait ticks). Seeking alternate route/nook...
[01:26:23] [Tick 328] Alternate route found to goal (15 steps).
[01:26:23] [Tick 328] Pos=(15, 21), Heading=NORTH, State=AUDITING, Action=WAITING, Priority=0.0, Battery=65.4%, Waits=276
[01:26:24] [Tick 329] Deadlock/livelock detected (276 wait ticks). Seeking alternate route/nook...
[01:26:24] [Tick 329] Alternate route found to goal (13 steps).
[01:26:24] [Tick 329] Pos=(15, 21), Heading=NORTH, State=AUDITING, Action=WAITING, Priority=0.0, Battery=65.3%, Waits=277
[01:26:24] [Tick 330] Deadlock/livelock detected (277 wait ticks). Seeking alternate route/nook...
[01:26:24] [Tick 330] Alternate route found to goal (16 steps).
[01:26:24] [Tick 330] Pos=(15, 21), Heading=NORTH, State=AUDITING, Action=WAITING, Priority=0.0, Battery=65.2%, Waits=278
[01:26:25] [Tick 331] Deadlock/livelock detected (278 wait ticks). Seeking alternate route/nook...
[01:26:25] [Tick 331] Alternate route found to goal (15 steps).
[01:26:25] [Tick 331] Pos=(15, 21), Heading=NORTH, State=AUDITING, Action=WAITING, Priority=0.0, Battery=65.1%, Waits=279
[01:26:25] [Tick 332] Deadlock/livelock detected (279 wait ticks). Seeking alternate route/nook...
[01:26:25] [Tick 332] Alternate route found to goal (13 steps).
[01:26:25] [Tick 332] Pos=(15, 21), Heading=NORTH, State=AUDITING, Action=WAITING, Priority=0.0, Battery=65.0%, Waits=280
